181.166.147.105 - - [14/Dec/2022:01:14:26 -0300] "POST /accounts/password_change/ HTTP/1.1" 302 534 "http://codoacodo.ddns.net:55005/accounts/password_change/" "Mozilla/5.0 (X11; Linux x86_64) AppleWebKit/537.36 (KHTML, like Gecko) Chrome/107.0.0.0 Safari/537.36"
181.166.147.105 - - [14/Dec/2022:01:14:26 -0300] "GET /accounts/password_change/done/ HTTP/1.1" 200 2093 "http://codoacodo.ddns.net:55005/accounts/password_change/" "Mozilla/5.0 (X11; Linux x86_64) AppleWebKit/537.36 (KHTML, like Gecko) Chrome/107.0.0.0 Safari/537.36"
181.166.147.105 - - [14/Dec/2022:01:14:32 -0300] "GET /accounts/profile/ HTTP/1.1" 200 3322 "http://codoacodo.ddns.net:55005/accounts/password_change/done/" "Mozilla/5.0 (X11; Linux x86_64) AppleWebKit/537.36 (KHTML, like Gecko) Chrome/107.0.0.0 Safari/537.36"
181.166.147.105 - - [14/Dec/2022:01:14:37 -0300] "GET /dashboard/ HTTP/1.1" 200 2403 "http://codoacodo.ddns.net:55005/accounts/profile/" "Mozilla/5.0 (X11; Linux x86_64) AppleWebKit/537.36 (KHTML, like Gecko) Chrome/107.0.0.0 Safari/537.36"
181.166.147.105 - - [14/Dec/2022:01:14:39 -0300] "GET /dashboard/?page=2 HTTP/1.1" 200 2417 "http://codoacodo.ddns.net:55005/dashboard/" "Mozilla/5.0 (X11; Linux x86_64) AppleWebKit/537.36 (KHTML, like Gecko) Chrome/107.0.0.0 Safari/537.36"
181.166.147.105 - - [14/Dec/2022:01:14:39 -0300] "GET /media/pictures/AvatarMaker_w2ceGCj.png HTTP/1.1" 304 249 "http://codoacodo.ddns.net:55005/dashboard/?page=2" "Mozilla/5.0 (X11; Linux x86_64) AppleWebKit/537.36 (KHTML, like Gecko) Chrome/107.0.0.0 Safari/537.36"
181.166.147.105 - - [14/Dec/2022:01:14:42 -0300] "GET /dashboard/?page=1 HTTP/1.1" 200 2402 "http://codoacodo.ddns.net:55005/dashboard/?page=2" "Mozilla/5.0 (X11; Linux x86_64) AppleWebKit/537.36 (KHTML, like Gecko) Chrome/107.0.0.0 Safari/537.36"
192.168.0.150 - - [14/Dec/2022:01:14:53 -0300] "POST /accounts/signup/ HTTP/1.1" 200 2930 "http://192.168.0.103/accounts/signup/" "Mozilla/5.0 (Windows NT 10.0; Win64; x64) AppleWebKit/537.36 (KHTML, like Gecko) Chrome/108.0.0.0 Safari/537.36"
192.168.0.150 - - [14/Dec/2022:01:15:05 -0300] "POST /accounts/signup/ HTTP/1.1" 302 370 "http://192.168.0.103/accounts/signup/" "Mozilla/5.0 (Windows NT 10.0; Win64; x64) AppleWebKit/537.36 (KHTML, like Gecko) Chrome/108.0.0.0 Safari/537.36"
192.168.0.150 - - [14/Dec/2022:01:15:05 -0300] "GET /accounts/login/?register HTTP/1.1" 200 2754 "http://192.168.0.103/accounts/signup/" "Mozilla/5.0 (Windows NT 10.0; Win64; x64) AppleWebKit/537.36 (KHTML, like Gecko) Chrome/108.0.0.0 Safari/537.36"
192.168.0.150 - - [14/Dec/2022:01:15:05 -0300] "GET /static/base/style.css HTTP/1.1" 200 1040 "http://192.168.0.103/accounts/login/?register" "Mozilla/5.0 (Windows NT 10.0; Win64; x64) AppleWebKit/537.36 (KHTML, like Gecko) Chrome/108.0.0.0 Safari/537.36"
192.168.0.150 - - [14/Dec/2022:01:15:05 -0300] "GET /static/base/img/opcion_2.png HTTP/1.1" 304 251 "http://192.168.0.103/static/base/style.css" "Mozilla/5.0 (Windows NT 10.0; Win64; x64) AppleWebKit/537.36 (KHTML, like Gecko) Chrome/108.0.0.0 Safari/537.36"
192.168.0.150 - - [14/Dec/2022:01:15:13 -0300] "POST /accounts/login/?register HTTP/1.1" 302 800 "http://192.168.0.103/accounts/login/?register" "Mozilla/5.0 (Windows NT 10.0; Win64; x64) AppleWebKit/537.36 (KHTML, like Gecko) Chrome/108.0.0.0 Safari/537.36"
192.168.0.150 - - [14/Dec/2022:01:15:14 -0300] "GET /accounts/profile/ HTTP/1.1" 200 3180 "http://192.168.0.103/accounts/login/?register" "Mozilla/5.0 (Windows NT 10.0; Win64; x64) AppleWebKit/537.36 (KHTML, like Gecko) Chrome/108.0.0.0 Safari/537.36"
192.168.0.150 - - [14/Dec/2022:01:15:14 -0300] "GET /static/registration/img/logoMatch.jpg HTTP/1.1" 304 249 "http://192.168.0.103/accounts/profile/" "Mozilla/5.0 (Windows NT 10.0; Win64; x64) AppleWebKit/537.36 (KHTML, like Gecko) Chrome/108.0.0.0 Safari/537.36"
181.166.147.105 - - [14/Dec/2022:01:15:29 -0300] "-" 408 0 "-" "-"
181.166.147.105 - - [14/Dec/2022:01:16:32 -0300] "GET /dashboard/?page=2 HTTP/1.1" 200 2409 "http://codoacodo.ddns.net:55005/dashboard/?page=1" "Mozilla/5.0 (X11; Linux x86_64) AppleWebKit/537.36 (KHTML, like Gecko) Chrome/107.0.0.0 Safari/537.36"
181.166.147.105 - - [14/Dec/2022:01:16:32 -0300] "GET /media/pictures/AvatarMaker_w2ceGCj.png HTTP/1.1" 304 249 "http://codoacodo.ddns.net:55005/dashboard/?page=2" "Mozilla/5.0 (X11; Linux x86_64) AppleWebKit/537.36 (KHTML, like Gecko) Chrome/107.0.0.0 Safari/537.36"
181.166.147.105 - - [14/Dec/2022:01:16:33 -0300] "GET /dashboard/?page=3 HTTP/1.1" 200 2403 "http://codoacodo.ddns.net:55005/dashboard/?page=2" "Mozilla/5.0 (X11; Linux x86_64) AppleWebKit/537.36 (KHTML, like Gecko) Chrome/107.0.0.0 Safari/537.36"
181.166.147.105 - - [14/Dec/2022:01:16:36 -0300] "GET /dashboard/luis/ HTTP/1.1" 200 2619 "http://codoacodo.ddns.net:55005/dashboard/?page=3" "Mozilla/5.0 (X11; Linux x86_64) AppleWebKit/537.36 (KHTML, like Gecko) Chrome/107.0.0.0 Safari/537.36"
181.166.147.105 - - [14/Dec/2022:01:16:37 -0300] "GET /static/registration/img/no-avatar.jpg HTTP/1.1" 404 499 "http://codoacodo.ddns.net:55005/dashboard/luis/" "Mozilla/5.0 (X11; Linux x86_64) AppleWebKit/537.36 (KHTML, like Gecko) Chrome/107.0.0.0 Safari/537.36"
181.166.147.105 - - [14/Dec/2022:01:17:10 -0300] "GET /dashboard/luis/ HTTP/1.1" 200 2619 "http://codoacodo.ddns.net:55005/dashboard/?page=3" "Mozilla/5.0 (X11; Linux x86_64) AppleWebKit/537.36 (KHTML, like Gecko) Chrome/107.0.0.0 Safari/537.36"
181.166.147.105 - - [14/Dec/2022:01:17:11 -0300] "GET /static/registration/img/no-avatar.jpg HTTP/1.1" 404 499 "http://codoacodo.ddns.net:55005/dashboard/luis/" "Mozilla/5.0 (X11; Linux x86_64) AppleWebKit/537.36 (KHTML, like Gecko) Chrome/107.0.0.0 Safari/537.36"
181.166.147.105 - - [14/Dec/2022:01:17:21 -0300] "GET /dashboard/ HTTP/1.1" 200 2410 "http://codoacodo.ddns.net:55005/dashboard/luis/" "Mozilla/5.0 (X11; Linux x86_64) AppleWebKit/537.36 (KHTML, like Gecko) Chrome/107.0.0.0 Safari/537.36"
181.166.147.105 - - [14/Dec/2022:01:17:21 -0300] "GET /static/registration/img/no-avatar.png HTTP/1.1" 304 249 "http://codoacodo.ddns.net:55005/dashboard/" "Mozilla/5.0 (X11; Linux x86_64) AppleWebKit/537.36 (KHTML, like Gecko) Chrome/107.0.0.0 Safari/537.36"
181.166.147.105 - - [14/Dec/2022:01:17:22 -0300] "GET /dashboard/?page=2 HTTP/1.1" 200 2408 "http://codoacodo.ddns.net:55005/dashboard/" "Mozilla/5.0 (X11; Linux x86_64) AppleWebKit/537.36 (KHTML, like Gecko) Chrome/107.0.0.0 Safari/537.36"
181.166.147.105 - - [14/Dec/2022:01:17:28 -0300] "GET /accounts/logout/ HTTP/1.1" 302 570 "http://codoacodo.ddns.net:55005/dashboard/?page=2" "Mozilla/5.0 (X11; Linux x86_64) AppleWebKit/537.36 (KHTML, like Gecko) Chrome/107.0.0.0 Safari/537.36"
181.166.147.105 - - [14/Dec/2022:01:17:28 -0300] "GET / HTTP/1.1" 200 2064 "http://codoacodo.ddns.net:55005/dashboard/?page=2" "Mozilla/5.0 (X11; Linux x86_64) AppleWebKit/537.36 (KHTML, like Gecko) Chrome/107.0.0.0 Safari/537.36"
181.166.147.105 - - [14/Dec/2022:01:17:31 -0300] "GET /accounts/login/ HTTP/1.1" 200 2699 "http://codoacodo.ddns.net:55005/" "Mozilla/5.0 (X11; Linux x86_64) AppleWebKit/537.36 (KHTML, like Gecko) Chrome/107.0.0.0 Safari/537.36"
181.166.147.105 - - [14/Dec/2022:01:17:39 -0300] "POST /accounts/login/ HTTP/1.1" 302 800 "http://codoacodo.ddns.net:55005/accounts/login/" "Mozilla/5.0 (X11; Linux x86_64) AppleWebKit/537.36 (KHTML, like Gecko) Chrome/107.0.0.0 Safari/537.36"
181.166.147.105 - - [14/Dec/2022:01:17:39 -0300] "GET /accounts/profile/ HTTP/1.1" 200 3163 "http://codoacodo.ddns.net:55005/accounts/login/" "Mozilla/5.0 (X11; Linux x86_64) AppleWebKit/537.36 (KHTML, like Gecko) Chrome/107.0.0.0 Safari/537.36"
181.166.147.105 - - [14/Dec/2022:01:18:30 -0300] "-" 408 0 "-" "-"
181.166.147.105 - - [14/Dec/2022:01:20:00 -0300] "POST /accounts/profile/ HTTP/1.1" 302 377 "http://codoacodo.ddns.net:55005/accounts/profile/" "Mozilla/5.0 (X11; Linux x86_64) AppleWebKit/537.36 (KHTML, like Gecko) Chrome/107.0.0.0 Safari/537.36"
181.166.147.105 - - [14/Dec/2022:01:20:00 -0300] "GET /accounts/profile/ HTTP/1.1" 200 3351 "http://codoacodo.ddns.net:55005/accounts/profile/" "Mozilla/5.0 (X11; Linux x86_64) AppleWebKit/537.36 (KHTML, like Gecko) Chrome/107.0.0.0 Safari/537.36"
181.166.147.105 - - [14/Dec/2022:01:20:00 -0300] "GET /media/pictures/django_DeJMLZF.webp HTTP/1.1" 200 39640 "http://codoacodo.ddns.net:55005/accounts/profile/" "Mozilla/5.0 (X11; Linux x86_64) AppleWebKit/537.36 (KHTML, like Gecko) Chrome/107.0.0.0 Safari/537.36"
181.166.147.105 - - [14/Dec/2022:01:20:06 -0300] "GET /accounts/profile/email/ HTTP/1.1" 200 2554 "http://codoacodo.ddns.net:55005/accounts/profile/" "Mozilla/5.0 (X11; Linux x86_64) AppleWebKit/537.36 (KHTML, like Gecko) Chrome/107.0.0.0 Safari/537.36"
181.166.147.105 - - [14/Dec/2022:01:20:22 -0300] "POST /accounts/profile/email/ HTTP/1.1" 302 377 "http://codoacodo.ddns.net:55005/accounts/profile/email/" "Mozilla/5.0 (X11; Linux x86_64) AppleWebKit/537.36 (KHTML, like Gecko) Chrome/107.0.0.0 Safari/537.36"
181.166.147.105 - - [14/Dec/2022:01:20:22 -0300] "GET /accounts/profile/ HTTP/1.1" 200 3370 "http://codoacodo.ddns.net:55005/accounts/profile/email/" "Mozilla/5.0 (X11; Linux x86_64) AppleWebKit/537.36 (KHTML, like Gecko) Chrome/107.0.0.0 Safari/537.36"
181.166.147.105 - - [14/Dec/2022:01:20:22 -0300] "GET /media/pictures/django_DeJMLZF.webp HTTP/1.1" 304 249 "http://codoacodo.ddns.net:55005/accounts/profile/" "Mozilla/5.0 (X11; Linux x86_64) AppleWebKit/537.36 (KHTML, like Gecko) Chrome/107.0.0.0 Safari/537.36"
192.168.0.150 - - [14/Dec/2022:01:20:24 -0300] "POST /accounts/profile/ HTTP/1.1" 302 377 "http://192.168.0.103/accounts/profile/" "Mozilla/5.0 (Windows NT 10.0; Win64; x64) AppleWebKit/537.36 (KHTML, like Gecko) Chrome/108.0.0.0 Safari/537.36"
192.168.0.150 - - [14/Dec/2022:01:20:24 -0300] "GET /accounts/profile/ HTTP/1.1" 200 3366 "http://192.168.0.103/accounts/profile/" "Mozilla/5.0 (Windows NT 10.0; Win64; x64) AppleWebKit/537.36 (KHTML, like Gecko) Chrome/108.0.0.0 Safari/537.36"
192.168.0.150 - - [14/Dec/2022:01:20:24 -0300] "GET /media/pictures/bean.jpeg HTTP/1.1" 200 6167 "http://192.168.0.103/accounts/profile/" "Mozilla/5.0 (Windows NT 10.0; Win64; x64) AppleWebKit/537.36 (KHTML, like Gecko) Chrome/108.0.0.0 Safari/537.36"
181.166.147.105 - - [14/Dec/2022:01:20:25 -0300] "POST /accounts/profile/ HTTP/1.1" 302 376 "http://codoacodo.ddns.net:55005/accounts/profile/" "Mozilla/5.0 (X11; Linux x86_64) AppleWebKit/537.36 (KHTML, like Gecko) Chrome/107.0.0.0 Safari/537.36"
181.166.147.105 - - [14/Dec/2022:01:20:25 -0300] "GET /accounts/profile/ HTTP/1.1" 200 3368 "http://codoacodo.ddns.net:55005/accounts/profile/" "Mozilla/5.0 (X11; Linux x86_64) AppleWebKit/537.36 (KHTML, like Gecko) Chrome/107.0.0.0 Safari/537.36"
181.166.147.105 - - [14/Dec/2022:01:20:25 -0300] "GET /media/pictures/django_DeJMLZF.webp HTTP/1.1" 304 249 "http://codoacodo.ddns.net:55005/accounts/profile/" "Mozilla/5.0 (X11; Linux x86_64) AppleWebKit/537.36 (KHTML, like Gecko) Chrome/107.0.0.0 Safari/537.36"
181.166.147.105 - - [14/Dec/2022:01:20:27 -0300] "GET /dashboard/ HTTP/1.1" 200 2474 "http://codoacodo.ddns.net:55005/accounts/profile/" "Mozilla/5.0 (X11; Linux x86_64) AppleWebKit/537.36 (KHTML, like Gecko) Chrome/107.0.0.0 Safari/537.36"
181.166.147.105 - - [14/Dec/2022:01:20:27 -0300] "GET /media/pictures/django_DeJMLZF.webp HTTP/1.1" 304 249 "http://codoacodo.ddns.net:55005/dashboard/" "Mozilla/5.0 (X11; Linux x86_64) AppleWebKit/537.36 (KHTML, like Gecko) Chrome/107.0.0.0 Safari/537.36"
181.166.147.105 - - [14/Dec/2022:01:20:30 -0300] "GET /dashboard/?page=2 HTTP/1.1" 200 2408 "http://codoacodo.ddns.net:55005/dashboard/" "Mozilla/5.0 (X11; Linux x86_64) AppleWebKit/537.36 (KHTML, like Gecko) Chrome/107.0.0.0 Safari/537.36"
181.166.147.105 - - [14/Dec/2022:01:20:30 -0300] "GET /media/pictures/AvatarMaker_w2ceGCj.png HTTP/1.1" 304 249 "http://codoacodo.ddns.net:55005/dashboard/?page=2" "Mozilla/5.0 (X11; Linux x86_64) AppleWebKit/537.36 (KHTML, like Gecko) Chrome/107.0.0.0 Safari/537.36"
181.166.147.105 - - [14/Dec/2022:01:20:31 -0300] "GET /dashboard/?page=3 HTTP/1.1" 200 2420 "http://codoacodo.ddns.net:55005/dashboard/?page=2" "Mozilla/5.0 (X11; Linux x86_64) AppleWebKit/537.36 (KHTML, like Gecko) Chrome/107.0.0.0 Safari/537.36"
181.166.147.105 - - [14/Dec/2022:01:20:31 -0300] "GET /media/pictures/bean.jpeg HTTP/1.1" 200 6165 "http://codoacodo.ddns.net:55005/dashboard/?page=3" "Mozilla/5.0 (X11; Linux x86_64) AppleWebKit/537.36 (KHTML, like Gecko) Chrome/107.0.0.0 Safari/537.36"
192.168.0.150 - - [14/Dec/2022:01:20:31 -0300] "GET /dashboard/ HTTP/1.1" 200 2475 "http://192.168.0.103/accounts/profile/" "Mozilla/5.0 (Windows NT 10.0; Win64; x64) AppleWebKit/537.36 (KHTML, like Gecko) Chrome/108.0.0.0 Safari/537.36"
192.168.0.150 - - [14/Dec/2022:01:20:31 -0300] "GET /media/pictures/django_DeJMLZF.webp HTTP/1.1" 200 39638 "http://192.168.0.103/dashboard/" "Mozilla/5.0 (Windows NT 10.0; Win64; x64) AppleWebKit/537.36 (KHTML, like Gecko) Chrome/108.0.0.0 Safari/537.36"
181.166.147.105 - - [14/Dec/2022:01:20:35 -0300] "GET /dashboard/luis/ HTTP/1.1" 200 2722 "http://codoacodo.ddns.net:55005/dashboard/?page=3" "Mozilla/5.0 (X11; Linux x86_64) AppleWebKit/537.36 (KHTML, like Gecko) Chrome/107.0.0.0 Safari/537.36"
181.166.147.105 - - [14/Dec/2022:01:20:35 -0300] "GET /media/pictures/bean.jpeg HTTP/1.1" 304 249 "http://codoacodo.ddns.net:55005/dashboard/luis/" "Mozilla/5.0 (X11; Linux x86_64) AppleWebKit/537.36 (KHTML, like Gecko) Chrome/107.0.0.0 Safari/537.36"
181.166.147.105 - - [14/Dec/2022:01:20:44 -0300] "GET /dashboard/?page=1 HTTP/1.1" 200 2475 "http://codoacodo.ddns.net:55005/dashboard/?page=3" "Mozilla/5.0 (X11; Linux x86_64) AppleWebKit/537.36 (KHTML, like Gecko) Chrome/107.0.0.0 Safari/537.36"
181.166.147.105 - - [14/Dec/2022:01:20:44 -0300] "GET /media/pictures/django_DeJMLZF.webp HTTP/1.1" 304 249 "http://codoacodo.ddns.net:55005/dashboard/?page=1" "Mozilla/5.0 (X11; Linux x86_64) AppleWebKit/537.36 (KHTML, like Gecko) Chrome/107.0.0.0 Safari/537.36"
181.166.147.105 - - [14/Dec/2022:01:20:45 -0300] "GET /dashboard/codoacodo/ HTTP/1.1" 200 2686 "http://codoacodo.ddns.net:55005/dashboard/?page=1" "Mozilla/5.0 (X11; Linux x86_64) AppleWebKit/537.36 (KHTML, like Gecko) Chrome/107.0.0.0 Safari/537.36"
181.166.147.105 - - [14/Dec/2022:01:21:34 -0300] "-" 408 0 "-" "-"
192.168.0.150 - - [14/Dec/2022:01:22:20 -0300] "GET /accounts/profile/ HTTP/1.1" 200 3365 "http://192.168.0.103/dashboard/" "Mozilla/5.0 (Windows NT 10.0; Win64; x64) AppleWebKit/537.36 (KHTML, like Gecko) Chrome/108.0.0.0 Safari/537.36"
192.168.0.150 - - [14/Dec/2022:01:22:20 -0300] "GET /media/pictures/bean.jpeg HTTP/1.1" 304 249 "http://192.168.0.103/accounts/profile/" "Mozilla/5.0 (Windows NT 10.0; Win64; x64) AppleWebKit/537.36 (KHTML, like Gecko) Chrome/108.0.0.0 Safari/537.36"
192.168.0.150 - - [14/Dec/2022:01:23:07 -0300] "GET /accounts/profile/ HTTP/1.1" 200 3364 "http://192.168.0.103/dashboard/" "Mozilla/5.0 (Windows NT 10.0; Win64; x64) AppleWebKit/537.36 (KHTML, like Gecko) Chrome/108.0.0.0 Safari/537.36"
192.168.0.150 - - [14/Dec/2022:01:23:07 -0300] "GET /media/pictures/bean.jpeg HTTP/1.1" 304 249 "http://192.168.0.103/accounts/profile/" "Mozilla/5.0 (Windows NT 10.0; Win64; x64) AppleWebKit/537.36 (KHTML, like Gecko) Chrome/108.0.0.0 Safari/537.36"
192.168.0.150 - - [14/Dec/2022:01:23:15 -0300] "GET /accounts/profile/ HTTP/1.1" 200 3353 "http://192.168.0.103/dashboard/" "Mozilla/5.0 (Windows NT 10.0; Win64; x64) AppleWebKit/537.36 (KHTML, like Gecko) Chrome/108.0.0.0 Safari/537.36"
192.168.0.150 - - [14/Dec/2022:01:23:16 -0300] "GET /accounts/profile/ HTTP/1.1" 200 3376 "http://192.168.0.103/dashboard/" "Mozilla/5.0 (Windows NT 10.0; Win64; x64) AppleWebKit/537.36 (KHTML, like Gecko) Chrome/108.0.0.0 Safari/537.36"
181.166.147.105 - - [14/Dec/2022:01:23:16 -0300] "GET /dashboard/ HTTP/1.1" 200 2475 "http://codoacodo.ddns.net:55005/dashboard/codoacodo/" "Mozilla/5.0 (X11; Linux x86_64) AppleWebKit/537.36 (KHTML, like Gecko) Chrome/107.0.0.0 Safari/537.36"
181.166.147.105 - - [14/Dec/2022:01:23:17 -0300] "GET /static/base/style.css HTTP/1.1" 200 1040 "http://codoacodo.ddns.net:55005/dashboard/" "Mozilla/5.0 (X11; Linux x86_64) AppleWebKit/537.36 (KHTML, like Gecko) Chrome/107.0.0.0 Safari/537.36"
181.166.147.105 - - [14/Dec/2022:01:23:17 -0300] "GET /media/pictures/django_DeJMLZF.webp HTTP/1.1" 304 250 "http://codoacodo.ddns.net:55005/dashboard/" "Mozilla/5.0 (X11; Linux x86_64) AppleWebKit/537.36 (KHTML, like Gecko) Chrome/107.0.0.0 Safari/537.36"
181.166.147.105 - - [14/Dec/2022:01:23:17 -0300] "GET /static/base/img/opcion_2.png HTTP/1.1" 304 251 "http://codoacodo.ddns.net:55005/static/base/style.css" "Mozilla/5.0 (X11; Linux x86_64) AppleWebKit/537.36 (KHTML, like Gecko) Chrome/107.0.0.0 Safari/537.36"
181.166.147.105 - - [14/Dec/2022:01:23:18 -0300] "GET /dashboard/ HTTP/1.1" 200 2474 "http://codoacodo.ddns.net:55005/dashboard/" "Mozilla/5.0 (X11; Linux x86_64) AppleWebKit/537.36 (KHTML, like Gecko) Chrome/107.0.0.0 Safari/537.36"
181.166.147.105 - - [14/Dec/2022:01:23:23 -0300] "GET /dashboard/ HTTP/1.1" 200 2475 "http://codoacodo.ddns.net:55005/dashboard/" "Mozilla/5.0 (X11; Linux x86_64) AppleWebKit/537.36 (KHTML, like Gecko) Chrome/107.0.0.0 Safari/537.36"
181.166.147.105 - - [14/Dec/2022:01:23:24 -0300] "GET /accounts/profile/ HTTP/1.1" 200 3380 "http://codoacodo.ddns.net:55005/dashboard/" "Mozilla/5.0 (X11; Linux x86_64) AppleWebKit/537.36 (KHTML, like Gecko) Chrome/107.0.0.0 Safari/537.36"
181.166.147.105 - - [14/Dec/2022:01:23:24 -0300] "GET /static/registration/img/logoMatch.jpg HTTP/1.1" 304 249 "http://codoacodo.ddns.net:55005/accounts/profile/" "Mozilla/5.0 (X11; Linux x86_64) AppleWebKit/537.36 (KHTML, like Gecko) Chrome/107.0.0.0 Safari/537.36"
181.166.147.105 - - [14/Dec/2022:01:23:34 -0300] "POST /accounts/profile/ HTTP/1.1" 302 377 "http://codoacodo.ddns.net:55005/accounts/profile/" "Mozilla/5.0 (X11; Linux x86_64) AppleWebKit/537.36 (KHTML, like Gecko) Chrome/107.0.0.0 Safari/537.36"
181.166.147.105 - - [14/Dec/2022:01:23:34 -0300] "GET /accounts/profile/ HTTP/1.1" 200 3392 "http://codoacodo.ddns.net:55005/accounts/profile/" "Mozilla/5.0 (X11; Linux x86_64) AppleWebKit/537.36 (KHTML, like Gecko) Chrome/107.0.0.0 Safari/537.36"
192.168.0.150 - - [14/Dec/2022:01:23:36 -0300] "POST /accounts/profile/ HTTP/1.1" 302 377 "http://192.168.0.103/accounts/profile/" "Mozilla/5.0 (Windows NT 10.0; Win64; x64) AppleWebKit/537.36 (KHTML, like Gecko) Chrome/108.0.0.0 Safari/537.36"
192.168.0.150 - - [14/Dec/2022:01:23:36 -0300] "GET /accounts/profile/ HTTP/1.1" 200 3388 "http://192.168.0.103/accounts/profile/" "Mozilla/5.0 (Windows NT 10.0; Win64; x64) AppleWebKit/537.36 (KHTML, like Gecko) Chrome/108.0.0.0 Safari/537.36"
192.168.0.150 - - [14/Dec/2022:01:23:36 -0300] "GET /media/pictures/bean.jpeg HTTP/1.1" 304 249 "http://192.168.0.103/accounts/profile/" "Mozilla/5.0 (Windows NT 10.0; Win64; x64) AppleWebKit/537.36 (KHTML, like Gecko) Chrome/108.0.0.0 Safari/537.36"
181.166.147.105 - - [14/Dec/2022:01:23:38 -0300] "GET /dashboard/ HTTP/1.1" 200 2474 "http://codoacodo.ddns.net:55005/accounts/profile/" "Mozilla/5.0 (X11; Linux x86_64) AppleWebKit/537.36 (KHTML, like Gecko) Chrome/107.0.0.0 Safari/537.36"
181.166.147.105 - - [14/Dec/2022:01:23:38 -0300] "GET /media/pictures/django_DeJMLZF.webp HTTP/1.1" 304 249 "http://codoacodo.ddns.net:55005/dashboard/" "Mozilla/5.0 (X11; Linux x86_64) AppleWebKit/537.36 (KHTML, like Gecko) Chrome/107.0.0.0 Safari/537.36"
181.166.147.105 - - [14/Dec/2022:01:23:40 -0300] "GET /dashboard/codoacodo/ HTTP/1.1" 200 2694 "http://codoacodo.ddns.net:55005/dashboard/" "Mozilla/5.0 (X11; Linux x86_64) AppleWebKit/537.36 (KHTML, like Gecko) Chrome/107.0.0.0 Safari/537.36"
192.168.0.150 - - [14/Dec/2022:01:23:40 -0300] "GET /dashboard/ HTTP/1.1" 200 2474 "http://192.168.0.103/accounts/profile/" "Mozilla/5.0 (Windows NT 10.0; Win64; x64) AppleWebKit/537.36 (KHTML, like Gecko) Chrome/108.0.0.0 Safari/537.36"
192.168.0.150 - - [14/Dec/2022:01:23:41 -0300] "GET /media/pictures/django_DeJMLZF.webp HTTP/1.1" 304 249 "http://192.168.0.103/dashboard/" "Mozilla/5.0 (Windows NT 10.0; Win64; x64) AppleWebKit/537.36 (KHTML, like Gecko) Chrome/108.0.0.0 Safari/537.36"
192.168.0.150 - - [14/Dec/2022:01:23:43 -0300] "GET /dashboard/?page=2 HTTP/1.1" 200 2408 "http://192.168.0.103/dashboard/" "Mozilla/5.0 (Windows NT 10.0; Win64; x64) AppleWebKit/537.36 (KHTML, like Gecko) Chrome/108.0.0.0 Safari/537.36"
192.168.0.150 - - [14/Dec/2022:01:23:43 -0300] "GET /static/base/style.css HTTP/1.1" 200 1040 "http://192.168.0.103/dashboard/?page=2" "Mozilla/5.0 (Windows NT 10.0; Win64; x64) AppleWebKit/537.36 (KHTML, like Gecko) Chrome/108.0.0.0 Safari/537.36"
192.168.0.150 - - [14/Dec/2022:01:23:43 -0300] "GET /media/pictures/AvatarMaker_w2ceGCj.png HTTP/1.1" 304 250 "http://192.168.0.103/dashboard/?page=2" "Mozilla/5.0 (Windows NT 10.0; Win64; x64) AppleWebKit/537.36 (KHTML, like Gecko) Chrome/108.0.0.0 Safari/537.36"
192.168.0.150 - - [14/Dec/2022:01:23:43 -0300] "GET /static/base/img/opcion_2.png HTTP/1.1" 304 251 "http://192.168.0.103/static/base/style.css" "Mozilla/5.0 (Windows NT 10.0; Win64; x64) AppleWebKit/537.36 (KHTML, like Gecko) Chrome/108.0.0.0 Safari/537.36"
181.166.147.105 - - [14/Dec/2022:01:23:45 -0300] "GET /dashboard/ HTTP/1.1" 200 2475 "http://codoacodo.ddns.net:55005/dashboard/codoacodo/" "Mozilla/5.0 (X11; Linux x86_64) AppleWebKit/537.36 (KHTML, like Gecko) Chrome/107.0.0.0 Safari/537.36"
192.168.0.150 - - [14/Dec/2022:01:23:45 -0300] "GET /dashboard/jorge/ HTTP/1.1" 200 2690 "http://192.168.0.103/dashboard/?page=2" "Mozilla/5.0 (Windows NT 10.0; Win64; x64) AppleWebKit/537.36 (KHTML, like Gecko) Chrome/108.0.0.0 Safari/537.36"
181.166.147.105 - - [14/Dec/2022:01:23:46 -0300] "GET /dashboard/?page=3 HTTP/1.1" 200 2420 "http://codoacodo.ddns.net:55005/dashboard/" "Mozilla/5.0 (X11; Linux x86_64) AppleWebKit/537.36 (KHTML, like Gecko) Chrome/107.0.0.0 Safari/537.36"
181.166.147.105 - - [14/Dec/2022:01:23:46 -0300] "GET /media/pictures/bean.jpeg HTTP/1.1" 304 249 "http://codoacodo.ddns.net:55005/dashboard/?page=3" "Mozilla/5.0 (X11; Linux x86_64) AppleWebKit/537.36 (KHTML, like Gecko) Chrome/107.0.0.0 Safari/537.36"
181.166.147.105 - - [14/Dec/2022:01:23:47 -0300] "GET /dashboard/luis/ HTTP/1.1" 200 2724 "http://codoacodo.ddns.net:55005/dashboard/?page=3" "Mozilla/5.0 (X11; Linux x86_64) AppleWebKit/537.36 (KHTML, like Gecko) Chrome/107.0.0.0 Safari/537.36"
192.168.0.150 - - [14/Dec/2022:01:23:51 -0300] "GET /dashboard/?page=3 HTTP/1.1" 200 2421 "http://192.168.0.103/dashboard/?page=2" "Mozilla/5.0 (Windows NT 10.0; Win64; x64) AppleWebKit/537.36 (KHTML, like Gecko) Chrome/108.0.0.0 Safari/537.36"
192.168.0.150 - - [14/Dec/2022:01:23:52 -0300] "GET /dashboard/luis/ HTTP/1.1" 200 2727 "http://192.168.0.103/dashboard/?page=3" "Mozilla/5.0 (Windows NT 10.0; Win64; x64) AppleWebKit/537.36 (KHTML, like Gecko) Chrome/108.0.0.0 Safari/537.36"
181.166.147.105 - - [14/Dec/2022:01:23:53 -0300] "GET /accounts/logout/ HTTP/1.1" 302 570 "http://codoacodo.ddns.net:55005/dashboard/luis/" "Mozilla/5.0 (X11; Linux x86_64) AppleWebKit/537.36 (KHTML, like Gecko) Chrome/107.0.0.0 Safari/537.36"
181.166.147.105 - - [14/Dec/2022:01:23:53 -0300] "GET / HTTP/1.1" 200 2064 "http://codoacodo.ddns.net:55005/dashboard/luis/" "Mozilla/5.0 (X11; Linux x86_64) AppleWebKit/537.36 (KHTML, like Gecko) Chrome/107.0.0.0 Safari/537.36"
181.166.147.105 - - [14/Dec/2022:01:23:55 -0300] "GET /accounts/login/ HTTP/1.1" 200 2698 "http://codoacodo.ddns.net:55005/" "Mozilla/5.0 (X11; Linux x86_64) AppleWebKit/537.36 (KHTML, like Gecko) Chrome/107.0.0.0 Safari/537.36"
181.166.147.105 - - [14/Dec/2022:01:24:01 -0300] "POST /accounts/login/ HTTP/1.1" 302 800 "http://codoacodo.ddns.net:55005/accounts/login/" "Mozilla/5.0 (X11; Linux x86_64) AppleWebKit/537.36 (KHTML, like Gecko) Chrome/107.0.0.0 Safari/537.36"
181.166.147.105 - - [14/Dec/2022:01:24:02 -0300] "GET /accounts/profile/ HTTP/1.1" 200 3336 "http://codoacodo.ddns.net:55005/accounts/login/" "Mozilla/5.0 (X11; Linux x86_64) AppleWebKit/537.36 (KHTML, like Gecko) Chrome/107.0.0.0 Safari/537.36"
181.166.147.105 - - [14/Dec/2022:01:24:02 -0300] "GET /media/pictures/AvatarMaker_w2ceGCj.png HTTP/1.1" 304 249 "http://codoacodo.ddns.net:55005/accounts/profile/" "Mozilla/5.0 (X11; Linux x86_64) AppleWebKit/537.36 (KHTML, like Gecko) Chrome/107.0.0.0 Safari/537.36"
192.168.0.150 - - [14/Dec/2022:01:24:09 -0300] "GET /accounts/profile/ HTTP/1.1" 200 3390 "http://192.168.0.103/dashboard/luis/" "Mozilla/5.0 (Windows NT 10.0; Win64; x64) AppleWebKit/537.36 (KHTML, like Gecko) Chrome/108.0.0.0 Safari/537.36"
192.168.0.150 - - [14/Dec/2022:01:24:09 -0300] "GET /media/pictures/bean.jpeg HTTP/1.1" 304 249 "http://192.168.0.103/accounts/profile/" "Mozilla/5.0 (Windows NT 10.0; Win64; x64) AppleWebKit/537.36 (KHTML, like Gecko) Chrome/108.0.0.0 Safari/537.36"
192.168.0.150 - - [14/Dec/2022:01:24:09 -0300] "GET /static/registration/img/logoMatch.jpg HTTP/1.1" 304 250 "http://192.168.0.103/accounts/profile/" "Mozilla/5.0 (Windows NT 10.0; Win64; x64) AppleWebKit/537.36 (KHTML, like Gecko) Chrome/108.0.0.0 Safari/537.36"
192.168.0.150 - - [14/Dec/2022:01:24:13 -0300] "GET /accounts/password_change/ HTTP/1.1" 200 2633 "http://192.168.0.103/accounts/profile/" "Mozilla/5.0 (Windows NT 10.0; Win64; x64) AppleWebKit/537.36 (KHTML, like Gecko) Chrome/108.0.0.0 Safari/537.36"
192.168.0.150 - - [14/Dec/2022:01:24:24 -0300] "POST /accounts/password_change/ HTTP/1.1" 200 2676 "http://192.168.0.103/accounts/password_change/" "Mozilla/5.0 (Windows NT 10.0; Win64; x64) AppleWebKit/537.36 (KHTML, like Gecko) Chrome/108.0.0.0 Safari/537.36"
192.168.0.150 - - [14/Dec/2022:01:24:29 -0300] "GET /accounts/password_change/ HTTP/1.1" 200 2631 "http://192.168.0.103/accounts/profile/" "Mozilla/5.0 (Windows NT 10.0; Win64; x64) AppleWebKit/537.36 (KHTML, like Gecko) Chrome/108.0.0.0 Safari/537.36"
181.166.147.105 - - [14/Dec/2022:01:24:31 -0300] "POST /accounts/profile/ HTTP/1.1" 302 377 "http://codoacodo.ddns.net:55005/accounts/profile/" "Mozilla/5.0 (X11; Linux x86_64) AppleWebKit/537.36 (KHTML, like Gecko) Chrome/107.0.0.0 Safari/537.36"
181.166.147.105 - - [14/Dec/2022:01:24:31 -0300] "GET /accounts/profile/ HTTP/1.1" 200 3350 "http://codoacodo.ddns.net:55005/accounts/profile/" "Mozilla/5.0 (X11; Linux x86_64) AppleWebKit/537.36 (KHTML, like Gecko) Chrome/107.0.0.0 Safari/537.36"
181.166.147.105 - - [14/Dec/2022:01:24:33 -0300] "GET /dashboard/ HTTP/1.1" 200 2474 "http://codoacodo.ddns.net:55005/accounts/profile/" "Mozilla/5.0 (X11; Linux x86_64) AppleWebKit/537.36 (KHTML, like Gecko) Chrome/107.0.0.0 Safari/537.36"
181.166.147.105 - - [14/Dec/2022:01:24:34 -0300] "GET /media/pictures/django_DeJMLZF.webp HTTP/1.1" 304 249 "http://codoacodo.ddns.net:55005/dashboard/" "Mozilla/5.0 (X11; Linux x86_64) AppleWebKit/537.36 (KHTML, like Gecko) Chrome/107.0.0.0 Safari/537.36"
181.166.147.105 - - [14/Dec/2022:01:24:36 -0300] "GET /dashboard/?page=2 HTTP/1.1" 200 2408 "http://codoacodo.ddns.net:55005/dashboard/" "Mozilla/5.0 (X11; Linux x86_64) AppleWebKit/537.36 (KHTML, like Gecko) Chrome/107.0.0.0 Safari/537.36"
181.166.147.105 - - [14/Dec/2022:01:24:37 -0300] "GET /dashboard/jorge/ HTTP/1.1" 200 2698 "http://codoacodo.ddns.net:55005/dashboard/?page=2" "Mozilla/5.0 (X11; Linux x86_64) AppleWebKit/537.36 (KHTML, like Gecko) Chrome/107.0.0.0 Safari/537.36"
192.168.0.150 - - [14/Dec/2022:01:24:41 -0300] "POST /accounts/password_change/ HTTP/1.1" 200 2676 "http://192.168.0.103/accounts/password_change/" "Mozilla/5.0 (Windows NT 10.0; Win64; x64) AppleWebKit/537.36 (KHTML, like Gecko) Chrome/108.0.0.0 Safari/537.36"
181.166.147.105 - - [14/Dec/2022:01:24:43 -0300] "GET /accounts/profile/ HTTP/1.1" 200 3351 "http://codoacodo.ddns.net:55005/dashboard/jorge/" "Mozilla/5.0 (X11; Linux x86_64) AppleWebKit/537.36 (KHTML, like Gecko) Chrome/107.0.0.0 Safari/537.36"
192.168.0.150 - - [14/Dec/2022:01:24:48 -0300] "GET /accounts/password_change/ HTTP/1.1" 200 2636 "http://192.168.0.103/accounts/profile/" "Mozilla/5.0 (Windows NT 10.0; Win64; x64) AppleWebKit/537.36 (KHTML, like Gecko) Chrome/108.0.0.0 Safari/537.36"
181.166.147.105 - - [14/Dec/2022:01:24:50 -0300] "GET /accounts/password_change/ HTTP/1.1" 200 2634 "http://codoacodo.ddns.net:55005/accounts/profile/" "Mozilla/5.0 (X11; Linux x86_64) AppleWebKit/537.36 (KHTML, like Gecko) Chrome/107.0.0.0 Safari/537.36"
192.168.0.150 - - [14/Dec/2022:01:25:07 -0300] "POST /accounts/password_change/ HTTP/1.1" 302 534 "http://192.168.0.103/accounts/password_change/" "Mozilla/5.0 (Windows NT 10.0; Win64; x64) AppleWebKit/537.36 (KHTML, like Gecko) Chrome/108.0.0.0 Safari/537.36"
192.168.0.150 - - [14/Dec/2022:01:25:07 -0300] "GET /accounts/password_change/done/ HTTP/1.1" 200 2093 "http://192.168.0.103/accounts/password_change/" "Mozilla/5.0 (Windows NT 10.0; Win64; x64) AppleWebKit/537.36 (KHTML, like Gecko) Chrome/108.0.0.0 Safari/537.36"
192.168.0.150 - - [14/Dec/2022:01:25:08 -0300] "GET /accounts/profile/ HTTP/1.1" 200 3393 "http://192.168.0.103/accounts/password_change/done/" "Mozilla/5.0 (Windows NT 10.0; Win64; x64) AppleWebKit/537.36 (KHTML, like Gecko) Chrome/108.0.0.0 Safari/537.36"
192.168.0.150 - - [14/Dec/2022:01:25:08 -0300] "GET /media/pictures/bean.jpeg HTTP/1.1" 304 249 "http://192.168.0.103/accounts/profile/" "Mozilla/5.0 (Windows NT 10.0; Win64; x64) AppleWebKit/537.36 (KHTML, like Gecko) Chrome/108.0.0.0 Safari/537.36"
192.168.0.150 - - [14/Dec/2022:01:25:11 -0300] "GET /dashboard/ HTTP/1.1" 200 2474 "http://192.168.0.103/accounts/profile/" "Mozilla/5.0 (Windows NT 10.0; Win64; x64) AppleWebKit/537.36 (KHTML, like Gecko) Chrome/108.0.0.0 Safari/537.36"
192.168.0.150 - - [14/Dec/2022:01:25:11 -0300] "GET /media/pictures/django_DeJMLZF.webp HTTP/1.1" 304 249 "http://192.168.0.103/dashboard/" "Mozilla/5.0 (Windows NT 10.0; Win64; x64) AppleWebKit/537.36 (KHTML, like Gecko) Chrome/108.0.0.0 Safari/537.36"
181.166.147.105 - - [14/Dec/2022:01:25:12 -0300] "GET /accounts/profile/ HTTP/1.1" 200 3351 "http://codoacodo.ddns.net:55005/accounts/password_change/" "Mozilla/5.0 (X11; Linux x86_64) AppleWebKit/537.36 (KHTML, like Gecko) Chrome/107.0.0.0 Safari/537.36"
192.168.0.150 - - [14/Dec/2022:01:25:14 -0300] "GET /accounts/logout/ HTTP/1.1" 302 569 "http://192.168.0.103/dashboard/" "Mozilla/5.0 (Windows NT 10.0; Win64; x64) AppleWebKit/537.36 (KHTML, like Gecko) Chrome/108.0.0.0 Safari/537.36"
192.168.0.150 - - [14/Dec/2022:01:25:14 -0300] "GET / HTTP/1.1" 200 2064 "http://192.168.0.103/dashboard/" "Mozilla/5.0 (Windows NT 10.0; Win64; x64) AppleWebKit/537.36 (KHTML, like Gecko) Chrome/108.0.0.0 Safari/537.36"
192.168.0.150 - - [14/Dec/2022:01:25:15 -0300] "GET /accounts/login/ HTTP/1.1" 200 2699 "http://192.168.0.103/" "Mozilla/5.0 (Windows NT 10.0; Win64; x64) AppleWebKit/537.36 (KHTML, like Gecko) Chrome/108.0.0.0 Safari/537.36"
192.168.0.150 - - [14/Dec/2022:01:25:18 -0300] "POST /accounts/login/ HTTP/1.1" 302 799 "http://192.168.0.103/accounts/login/" "Mozilla/5.0 (Windows NT 10.0; Win64; x64) AppleWebKit/537.36 (KHTML, like Gecko) Chrome/108.0.0.0 Safari/537.36"
192.168.0.150 - - [14/Dec/2022:01:25:19 -0300] "GET /accounts/profile/ HTTP/1.1" 200 3389 "http://192.168.0.103/accounts/login/" "Mozilla/5.0 (Windows NT 10.0; Win64; x64) AppleWebKit/537.36 (KHTML, like Gecko) Chrome/108.0.0.0 Safari/537.36"
192.168.0.150 - - [14/Dec/2022:01:25:21 -0300] "GET /dashboard/ HTTP/1.1" 200 2474 "http://192.168.0.103/accounts/profile/" "Mozilla/5.0 (Windows NT 10.0; Win64; x64) AppleWebKit/537.36 (KHTML, like Gecko) Chrome/108.0.0.0 Safari/537.36"
192.168.0.150 - - [14/Dec/2022:01:25:23 -0300] "GET /dashboard/?page=2 HTTP/1.1" 200 2408 "http://192.168.0.103/dashboard/" "Mozilla/5.0 (Windows NT 10.0; Win64; x64) AppleWebKit/537.36 (KHTML, like Gecko) Chrome/108.0.0.0 Safari/537.36"
181.166.147.105 - - [14/Dec/2022:01:25:24 -0300] "GET /accounts/logout/ HTTP/1.1" 302 570 "http://codoacodo.ddns.net:55005/accounts/profile/" "Mozilla/5.0 (X11; Linux x86_64) AppleWebKit/537.36 (KHTML, like Gecko) Chrome/107.0.0.0 Safari/537.36"
181.166.147.105 - - [14/Dec/2022:01:25:24 -0300] "GET / HTTP/1.1" 200 2064 "http://codoacodo.ddns.net:55005/accounts/profile/" "Mozilla/5.0 (X11; Linux x86_64) AppleWebKit/537.36 (KHTML, like Gecko) Chrome/107.0.0.0 Safari/537.36"
192.168.0.150 - - [14/Dec/2022:01:25:25 -0300] "GET /dashboard/?page=3 HTTP/1.1" 200 2420 "http://192.168.0.103/dashboard/?page=2" "Mozilla/5.0 (Windows NT 10.0; Win64; x64) AppleWebKit/537.36 (KHTML, like Gecko) Chrome/108.0.0.0 Safari/537.36"
181.166.147.105 - - [14/Dec/2022:01:26:16 -0300] "-" 408 0 "-" "-"
181.166.147.105 - - [14/Dec/2022:01:26:40 -0300] "GET / HTTP/1.1" 200 2065 "-" "Mozilla/5.0 (X11; Linux x86_64) AppleWebKit/537.36 (KHTML, like Gecko) Chrome/107.0.0.0 Safari/537.36"
181.166.147.105 - - [14/Dec/2022:01:26:54 -0300] "GET / HTTP/1.1" 200 2065 "-" "WhatsApp/2.22.24.78 A"
181.166.147.105 - - [14/Dec/2022:01:27:32 -0300] "-" 408 0 "-" "-"
