192.168.0.150 - - [14/Dec/2022:09:25:56 -0300] "GET /static/registration/img/no-avatar.jpg HTTP/1.1" 404 491 "http://192.168.0.103/dashboard/JoseLuis/" "Mozilla/5.0 (Windows NT 10.0; Win64; x64) AppleWebKit/537.36 (KHTML, like Gecko) Chrome/108.0.0.0 Safari/537.36"
192.168.0.150 - - [14/Dec/2022:09:26:00 -0300] "GET /dashboard/?page=4 HTTP/1.1" 200 2426 "http://192.168.0.103/dashboard/?page=3" "Mozilla/5.0 (Windows NT 10.0; Win64; x64) AppleWebKit/537.36 (KHTML, like Gecko) Chrome/108.0.0.0 Safari/537.36"
192.168.0.150 - - [14/Dec/2022:09:26:03 -0300] "GET /dashboard/?page=3 HTTP/1.1" 200 2403 "http://192.168.0.103/dashboard/?page=4" "Mozilla/5.0 (Windows NT 10.0; Win64; x64) AppleWebKit/537.36 (KHTML, like Gecko) Chrome/108.0.0.0 Safari/537.36"
192.168.0.150 - - [14/Dec/2022:09:26:04 -0300] "GET /dashboard/?page=5 HTTP/1.1" 200 2447 "http://192.168.0.103/dashboard/?page=3" "Mozilla/5.0 (Windows NT 10.0; Win64; x64) AppleWebKit/537.36 (KHTML, like Gecko) Chrome/108.0.0.0 Safari/537.36"
201.212.223.221 - - [14/Dec/2022:09:26:05 -0300] "POST /accounts/login/?register HTTP/1.1" 200 2789 "http://codoacodo.ddns.net:55005/accounts/login/?register" "Mozilla/5.0 (Windows NT 10.0; Win64; x64) AppleWebKit/537.36 (KHTML, like Gecko) Chrome/108.0.0.0 Safari/537.36"
192.168.0.150 - - [14/Dec/2022:09:26:13 -0300] "GET /dashboard/luis/ HTTP/1.1" 200 2724 "http://192.168.0.103/dashboard/?page=5" "Mozilla/5.0 (Windows NT 10.0; Win64; x64) AppleWebKit/537.36 (KHTML, like Gecko) Chrome/108.0.0.0 Safari/537.36"
201.212.223.221 - - [14/Dec/2022:09:26:19 -0300] "POST /accounts/login/?register HTTP/1.1" 200 2787 "http://codoacodo.ddns.net:55005/accounts/login/?register" "Mozilla/5.0 (Windows NT 10.0; Win64; x64) AppleWebKit/537.36 (KHTML, like Gecko) Chrome/108.0.0.0 Safari/537.36"
192.168.0.150 - - [14/Dec/2022:09:26:37 -0300] "GET /dashboard/?page=4 HTTP/1.1" 200 2427 "http://192.168.0.103/dashboard/?page=5" "Mozilla/5.0 (Windows NT 10.0; Win64; x64) AppleWebKit/537.36 (KHTML, like Gecko) Chrome/108.0.0.0 Safari/537.36"
192.168.0.150 - - [14/Dec/2022:09:26:39 -0300] "GET /dashboard/?page=3 HTTP/1.1" 200 2403 "http://192.168.0.103/dashboard/?page=4" "Mozilla/5.0 (Windows NT 10.0; Win64; x64) AppleWebKit/537.36 (KHTML, like Gecko) Chrome/108.0.0.0 Safari/537.36"
192.168.0.150 - - [14/Dec/2022:09:26:41 -0300] "GET /dashboard/?page=2 HTTP/1.1" 200 2421 "http://192.168.0.103/dashboard/?page=3" "Mozilla/5.0 (Windows NT 10.0; Win64; x64) AppleWebKit/537.36 (KHTML, like Gecko) Chrome/108.0.0.0 Safari/537.36"
201.212.223.221 - - [14/Dec/2022:09:26:54 -0300] "POST /accounts/login/?register HTTP/1.1" 302 800 "http://codoacodo.ddns.net:55005/accounts/login/?register" "Mozilla/5.0 (Windows NT 10.0; Win64; x64) AppleWebKit/537.36 (KHTML, like Gecko) Chrome/108.0.0.0 Safari/537.36"
201.212.223.221 - - [14/Dec/2022:09:26:54 -0300] "GET /accounts/profile/ HTTP/1.1" 200 3192 "http://codoacodo.ddns.net:55005/accounts/login/?register" "Mozilla/5.0 (Windows NT 10.0; Win64; x64) AppleWebKit/537.36 (KHTML, like Gecko) Chrome/108.0.0.0 Safari/537.36"
201.212.223.221 - - [14/Dec/2022:09:26:54 -0300] "GET /static/registration/img/no-avatar.png HTTP/1.1" 200 9356 "http://codoacodo.ddns.net:55005/accounts/profile/" "Mozilla/5.0 (Windows NT 10.0; Win64; x64) AppleWebKit/537.36 (KHTML, like Gecko) Chrome/108.0.0.0 Safari/537.36"
201.212.223.221 - - [14/Dec/2022:09:26:54 -0300] "GET /static/registration/img/logoMatch.jpg HTTP/1.1" 200 27693 "http://codoacodo.ddns.net:55005/accounts/profile/" "Mozilla/5.0 (Windows NT 10.0; Win64; x64) AppleWebKit/537.36 (KHTML, like Gecko) Chrome/108.0.0.0 Safari/537.36"
192.168.0.150 - - [14/Dec/2022:09:27:01 -0300] "GET /dashboard/?page=1 HTTP/1.1" 200 2489 "http://192.168.0.103/dashboard/?page=2" "Mozilla/5.0 (Windows NT 10.0; Win64; x64) AppleWebKit/537.36 (KHTML, like Gecko) Chrome/108.0.0.0 Safari/537.36"
192.168.0.150 - - [14/Dec/2022:09:27:05 -0300] "GET /dashboard/codoacodo/ HTTP/1.1" 200 2694 "http://192.168.0.103/dashboard/?page=1" "Mozilla/5.0 (Windows NT 10.0; Win64; x64) AppleWebKit/537.36 (KHTML, like Gecko) Chrome/108.0.0.0 Safari/537.36"
192.168.0.150 - - [14/Dec/2022:09:27:27 -0300] "GET /dashboard/?page=4 HTTP/1.1" 200 2427 "http://192.168.0.103/dashboard/?page=1" "Mozilla/5.0 (Windows NT 10.0; Win64; x64) AppleWebKit/537.36 (KHTML, like Gecko) Chrome/108.0.0.0 Safari/537.36"
192.168.0.150 - - [14/Dec/2022:09:27:29 -0300] "GET /dashboard/?page=5 HTTP/1.1" 200 2447 "http://192.168.0.103/dashboard/?page=4" "Mozilla/5.0 (Windows NT 10.0; Win64; x64) AppleWebKit/537.36 (KHTML, like Gecko) Chrome/108.0.0.0 Safari/537.36"
192.168.0.150 - - [14/Dec/2022:09:27:30 -0300] "GET /dashboard/?page=3 HTTP/1.1" 200 2403 "http://192.168.0.103/dashboard/?page=5" "Mozilla/5.0 (Windows NT 10.0; Win64; x64) AppleWebKit/537.36 (KHTML, like Gecko) Chrome/108.0.0.0 Safari/537.36"
192.168.0.150 - - [14/Dec/2022:09:27:32 -0300] "GET /dashboard/?page=2 HTTP/1.1" 200 2421 "http://192.168.0.103/dashboard/?page=3" "Mozilla/5.0 (Windows NT 10.0; Win64; x64) AppleWebKit/537.36 (KHTML, like Gecko) Chrome/108.0.0.0 Safari/537.36"
192.168.0.150 - - [14/Dec/2022:09:27:34 -0300] "GET /dashboard/?page=1 HTTP/1.1" 200 2488 "http://192.168.0.103/dashboard/?page=2" "Mozilla/5.0 (Windows NT 10.0; Win64; x64) AppleWebKit/537.36 (KHTML, like Gecko) Chrome/108.0.0.0 Safari/537.36"
192.168.0.150 - - [14/Dec/2022:09:27:36 -0300] "GET /dashboard/?page=2 HTTP/1.1" 200 2421 "http://192.168.0.103/dashboard/?page=1" "Mozilla/5.0 (Windows NT 10.0; Win64; x64) AppleWebKit/537.36 (KHTML, like Gecko) Chrome/108.0.0.0 Safari/537.36"
192.168.0.150 - - [14/Dec/2022:09:27:37 -0300] "GET /dashboard/?page=3 HTTP/1.1" 200 2403 "http://192.168.0.103/dashboard/?page=2" "Mozilla/5.0 (Windows NT 10.0; Win64; x64) AppleWebKit/537.36 (KHTML, like Gecko) Chrome/108.0.0.0 Safari/537.36"
192.168.0.150 - - [14/Dec/2022:09:27:38 -0300] "GET /dashboard/?page=4 HTTP/1.1" 200 2426 "http://192.168.0.103/dashboard/?page=3" "Mozilla/5.0 (Windows NT 10.0; Win64; x64) AppleWebKit/537.36 (KHTML, like Gecko) Chrome/108.0.0.0 Safari/537.36"
192.168.0.150 - - [14/Dec/2022:09:27:40 -0300] "GET /dashboard/?page=5 HTTP/1.1" 200 2447 "http://192.168.0.103/dashboard/?page=4" "Mozilla/5.0 (Windows NT 10.0; Win64; x64) AppleWebKit/537.36 (KHTML, like Gecko) Chrome/108.0.0.0 Safari/537.36"
192.168.0.150 - - [14/Dec/2022:09:27:42 -0300] "GET /dashboard/?page=4 HTTP/1.1" 200 2426 "http://192.168.0.103/dashboard/?page=5" "Mozilla/5.0 (Windows NT 10.0; Win64; x64) AppleWebKit/537.36 (KHTML, like Gecko) Chrome/108.0.0.0 Safari/537.36"
192.168.0.150 - - [14/Dec/2022:09:27:44 -0300] "GET /dashboard/?page=3 HTTP/1.1" 200 2403 "http://192.168.0.103/dashboard/?page=4" "Mozilla/5.0 (Windows NT 10.0; Win64; x64) AppleWebKit/537.36 (KHTML, like Gecko) Chrome/108.0.0.0 Safari/537.36"
192.168.0.150 - - [14/Dec/2022:09:27:54 -0300] "GET /dashboard/JoseLuis/ HTTP/1.1" 200 2624 "http://192.168.0.103/dashboard/?page=3" "Mozilla/5.0 (Windows NT 10.0; Win64; x64) AppleWebKit/537.36 (KHTML, like Gecko) Chrome/108.0.0.0 Safari/537.36"
192.168.0.150 - - [14/Dec/2022:09:27:54 -0300] "GET /static/registration/img/no-avatar.jpg HTTP/1.1" 404 491 "http://192.168.0.103/dashboard/JoseLuis/" "Mozilla/5.0 (Windows NT 10.0; Win64; x64) AppleWebKit/537.36 (KHTML, like Gecko) Chrome/108.0.0.0 Safari/537.36"
192.168.0.150 - - [14/Dec/2022:09:28:04 -0300] "GET /dashboard/?page=1 HTTP/1.1" 200 2489 "http://192.168.0.103/dashboard/?page=4" "Mozilla/5.0 (Windows NT 10.0; Win64; x64) AppleWebKit/537.36 (KHTML, like Gecko) Chrome/108.0.0.0 Safari/537.36"
192.168.0.150 - - [14/Dec/2022:09:28:05 -0300] "GET /dashboard/?page=3 HTTP/1.1" 200 2403 "http://192.168.0.103/dashboard/?page=1" "Mozilla/5.0 (Windows NT 10.0; Win64; x64) AppleWebKit/537.36 (KHTML, like Gecko) Chrome/108.0.0.0 Safari/537.36"
192.168.0.150 - - [14/Dec/2022:09:28:07 -0300] "GET /dashboard/?page=4 HTTP/1.1" 200 2426 "http://192.168.0.103/dashboard/?page=3" "Mozilla/5.0 (Windows NT 10.0; Win64; x64) AppleWebKit/537.36 (KHTML, like Gecko) Chrome/108.0.0.0 Safari/537.36"
192.168.0.150 - - [14/Dec/2022:09:28:09 -0300] "GET /dashboard/?page=5 HTTP/1.1" 200 2447 "http://192.168.0.103/dashboard/?page=4" "Mozilla/5.0 (Windows NT 10.0; Win64; x64) AppleWebKit/537.36 (KHTML, like Gecko) Chrome/108.0.0.0 Safari/537.36"
192.168.0.150 - - [14/Dec/2022:09:29:15 -0300] "GET /dashboard/?page=3 HTTP/1.1" 200 2404 "http://192.168.0.103/dashboard/?page=5" "Mozilla/5.0 (Windows NT 10.0; Win64; x64) AppleWebKit/537.36 (KHTML, like Gecko) Chrome/108.0.0.0 Safari/537.36"
192.168.0.150 - - [14/Dec/2022:09:29:17 -0300] "GET /dashboard/?page=4 HTTP/1.1" 200 2426 "http://192.168.0.103/dashboard/?page=3" "Mozilla/5.0 (Windows NT 10.0; Win64; x64) AppleWebKit/537.36 (KHTML, like Gecko) Chrome/108.0.0.0 Safari/537.36"
192.168.0.150 - - [14/Dec/2022:09:29:20 -0300] "GET /dashboard/?page=2 HTTP/1.1" 200 2421 "http://192.168.0.103/dashboard/?page=4" "Mozilla/5.0 (Windows NT 10.0; Win64; x64) AppleWebKit/537.36 (KHTML, like Gecko) Chrome/108.0.0.0 Safari/537.36"
192.168.0.150 - - [14/Dec/2022:09:29:22 -0300] "GET /dashboard/?page=1 HTTP/1.1" 200 2488 "http://192.168.0.103/dashboard/?page=2" "Mozilla/5.0 (Windows NT 10.0; Win64; x64) AppleWebKit/537.36 (KHTML, like Gecko) Chrome/108.0.0.0 Safari/537.36"
192.168.0.150 - - [14/Dec/2022:09:29:24 -0300] "GET /dashboard/?page=2 HTTP/1.1" 200 2421 "http://192.168.0.103/dashboard/?page=1" "Mozilla/5.0 (Windows NT 10.0; Win64; x64) AppleWebKit/537.36 (KHTML, like Gecko) Chrome/108.0.0.0 Safari/537.36"
192.168.0.150 - - [14/Dec/2022:09:29:26 -0300] "GET /dashboard/?page=5 HTTP/1.1" 200 2447 "http://192.168.0.103/dashboard/?page=2" "Mozilla/5.0 (Windows NT 10.0; Win64; x64) AppleWebKit/537.36 (KHTML, like Gecko) Chrome/108.0.0.0 Safari/537.36"
192.168.0.150 - - [14/Dec/2022:09:29:27 -0300] "GET /dashboard/luis/ HTTP/1.1" 200 2725 "http://192.168.0.103/dashboard/?page=5" "Mozilla/5.0 (Windows NT 10.0; Win64; x64) AppleWebKit/537.36 (KHTML, like Gecko) Chrome/108.0.0.0 Safari/537.36"
192.168.0.150 - - [14/Dec/2022:09:29:33 -0300] "GET /accounts/profile/ HTTP/1.1" 200 3407 "http://192.168.0.103/dashboard/luis/" "Mozilla/5.0 (Windows NT 10.0; Win64; x64) AppleWebKit/537.36 (KHTML, like Gecko) Chrome/108.0.0.0 Safari/537.36"
192.168.0.150 - - [14/Dec/2022:09:29:34 -0300] "GET /static/registration/img/logoMatch.jpg HTTP/1.1" 304 249 "http://192.168.0.103/accounts/profile/" "Mozilla/5.0 (Windows NT 10.0; Win64; x64) AppleWebKit/537.36 (KHTML, like Gecko) Chrome/108.0.0.0 Safari/537.36"
192.168.0.150 - - [14/Dec/2022:09:32:03 -0300] "POST /accounts/profile/ HTTP/1.1" 302 377 "http://192.168.0.103/accounts/profile/" "Mozilla/5.0 (Windows NT 10.0; Win64; x64) AppleWebKit/537.36 (KHTML, like Gecko) Chrome/108.0.0.0 Safari/537.36"
192.168.0.150 - - [14/Dec/2022:09:32:03 -0300] "GET /accounts/profile/ HTTP/1.1" 200 3448 "http://192.168.0.103/accounts/profile/" "Mozilla/5.0 (Windows NT 10.0; Win64; x64) AppleWebKit/537.36 (KHTML, like Gecko) Chrome/108.0.0.0 Safari/537.36"
201.212.223.221 - - [14/Dec/2022:09:32:04 -0300] "POST /accounts/profile/ HTTP/1.1" 302 377 "http://codoacodo.ddns.net:55005/accounts/profile/" "Mozilla/5.0 (Windows NT 10.0; Win64; x64) AppleWebKit/537.36 (KHTML, like Gecko) Chrome/108.0.0.0 Safari/537.36"
201.212.223.221 - - [14/Dec/2022:09:32:04 -0300] "GET /accounts/profile/ HTTP/1.1" 200 3373 "http://codoacodo.ddns.net:55005/accounts/profile/" "Mozilla/5.0 (Windows NT 10.0; Win64; x64) AppleWebKit/537.36 (KHTML, like Gecko) Chrome/108.0.0.0 Safari/537.36"
201.212.223.221 - - [14/Dec/2022:09:32:04 -0300] "GET /media/pictures/HecJ.jpg HTTP/1.1" 200 26685 "http://codoacodo.ddns.net:55005/accounts/profile/" "Mozilla/5.0 (Windows NT 10.0; Win64; x64) AppleWebKit/537.36 (KHTML, like Gecko) Chrome/108.0.0.0 Safari/537.36"
192.168.0.150 - - [14/Dec/2022:09:32:05 -0300] "GET /accounts/profile/ HTTP/1.1" 200 3450 "http://192.168.0.103/accounts/profile/" "Mozilla/5.0 (Windows NT 10.0; Win64; x64) AppleWebKit/537.36 (KHTML, like Gecko) Chrome/108.0.0.0 Safari/537.36"
192.168.0.150 - - [14/Dec/2022:09:32:07 -0300] "GET /dashboard/ HTTP/1.1" 200 2488 "http://192.168.0.103/accounts/profile/" "Mozilla/5.0 (Windows NT 10.0; Win64; x64) AppleWebKit/537.36 (KHTML, like Gecko) Chrome/108.0.0.0 Safari/537.36"
192.168.0.150 - - [14/Dec/2022:09:32:09 -0300] "GET /dashboard/?page=4 HTTP/1.1" 200 2426 "http://192.168.0.103/dashboard/" "Mozilla/5.0 (Windows NT 10.0; Win64; x64) AppleWebKit/537.36 (KHTML, like Gecko) Chrome/108.0.0.0 Safari/537.36"
201.212.223.221 - - [14/Dec/2022:09:32:09 -0300] "GET /accounts/profile/ HTTP/1.1" 200 3373 "http://codoacodo.ddns.net:55005/accounts/profile/" "Mozilla/5.0 (Windows NT 10.0; Win64; x64) AppleWebKit/537.36 (KHTML, like Gecko) Chrome/108.0.0.0 Safari/537.36"
201.212.223.221 - - [14/Dec/2022:09:32:09 -0300] "GET /media/pictures/HecJ.jpg HTTP/1.1" 304 249 "http://codoacodo.ddns.net:55005/accounts/profile/" "Mozilla/5.0 (Windows NT 10.0; Win64; x64) AppleWebKit/537.36 (KHTML, like Gecko) Chrome/108.0.0.0 Safari/537.36"
192.168.0.150 - - [14/Dec/2022:09:32:11 -0300] "GET /dashboard/?page=5 HTTP/1.1" 200 2447 "http://192.168.0.103/dashboard/?page=4" "Mozilla/5.0 (Windows NT 10.0; Win64; x64) AppleWebKit/537.36 (KHTML, like Gecko) Chrome/108.0.0.0 Safari/537.36"
201.212.223.221 - - [14/Dec/2022:09:32:11 -0300] "GET /dashboard/ HTTP/1.1" 200 2488 "http://codoacodo.ddns.net:55005/accounts/profile/" "Mozilla/5.0 (Windows NT 10.0; Win64; x64) AppleWebKit/537.36 (KHTML, like Gecko) Chrome/108.0.0.0 Safari/537.36"
201.212.223.221 - - [14/Dec/2022:09:32:11 -0300] "GET /media/pictures/django_DeJMLZF.webp HTTP/1.1" 200 39638 "http://codoacodo.ddns.net:55005/dashboard/" "Mozilla/5.0 (Windows NT 10.0; Win64; x64) AppleWebKit/537.36 (KHTML, like Gecko) Chrome/108.0.0.0 Safari/537.36"
192.168.0.150 - - [14/Dec/2022:09:32:12 -0300] "GET /dashboard/luis/ HTTP/1.1" 200 2774 "http://192.168.0.103/dashboard/?page=5" "Mozilla/5.0 (Windows NT 10.0; Win64; x64) AppleWebKit/537.36 (KHTML, like Gecko) Chrome/108.0.0.0 Safari/537.36"
201.212.223.221 - - [14/Dec/2022:09:32:20 -0300] "GET /dashboard/?page=2 HTTP/1.1" 200 2422 "http://codoacodo.ddns.net:55005/dashboard/" "Mozilla/5.0 (Windows NT 10.0; Win64; x64) AppleWebKit/537.36 (KHTML, like Gecko) Chrome/108.0.0.0 Safari/537.36"
201.212.223.221 - - [14/Dec/2022:09:32:20 -0300] "GET /media/pictures/AvatarMaker_w2ceGCj.png HTTP/1.1" 200 52102 "http://codoacodo.ddns.net:55005/dashboard/?page=2" "Mozilla/5.0 (Windows NT 10.0; Win64; x64) AppleWebKit/537.36 (KHTML, like Gecko) Chrome/108.0.0.0 Safari/537.36"
201.212.223.221 - - [14/Dec/2022:09:32:22 -0300] "GET /dashboard/?page=3 HTTP/1.1" 200 2439 "http://codoacodo.ddns.net:55005/dashboard/?page=2" "Mozilla/5.0 (Windows NT 10.0; Win64; x64) AppleWebKit/537.36 (KHTML, like Gecko) Chrome/108.0.0.0 Safari/537.36"
201.212.223.221 - - [14/Dec/2022:09:32:22 -0300] "GET /media/pictures/HecJ.jpg HTTP/1.1" 304 249 "http://codoacodo.ddns.net:55005/dashboard/?page=3" "Mozilla/5.0 (Windows NT 10.0; Win64; x64) AppleWebKit/537.36 (KHTML, like Gecko) Chrome/108.0.0.0 Safari/537.36"
181.166.147.105 - - [14/Dec/2022:09:32:24 -0300] "-" 408 0 "-" "-"
181.166.147.105 - - [14/Dec/2022:09:32:24 -0300] "-" 408 0 "-" "-"
201.212.223.221 - - [14/Dec/2022:09:32:26 -0300] "GET /dashboard/?page=4 HTTP/1.1" 200 2426 "http://codoacodo.ddns.net:55005/dashboard/?page=3" "Mozilla/5.0 (Windows NT 10.0; Win64; x64) AppleWebKit/537.36 (KHTML, like Gecko) Chrome/108.0.0.0 Safari/537.36"
201.212.223.221 - - [14/Dec/2022:09:32:27 -0300] "GET /media/pictures/lionel-messi.jpg HTTP/1.1" 200 106133 "http://codoacodo.ddns.net:55005/dashboard/?page=4" "Mozilla/5.0 (Windows NT 10.0; Win64; x64) AppleWebKit/537.36 (KHTML, like Gecko) Chrome/108.0.0.0 Safari/537.36"
192.168.0.150 - - [14/Dec/2022:09:32:28 -0300] "GET /dashboard/?page=4 HTTP/1.1" 200 2427 "http://192.168.0.103/dashboard/?page=5" "Mozilla/5.0 (Windows NT 10.0; Win64; x64) AppleWebKit/537.36 (KHTML, like Gecko) Chrome/108.0.0.0 Safari/537.36"
201.212.223.221 - - [14/Dec/2022:09:32:29 -0300] "GET /dashboard/?page=5 HTTP/1.1" 200 2447 "http://codoacodo.ddns.net:55005/dashboard/?page=4" "Mozilla/5.0 (Windows NT 10.0; Win64; x64) AppleWebKit/537.36 (KHTML, like Gecko) Chrome/108.0.0.0 Safari/537.36"
201.212.223.221 - - [14/Dec/2022:09:32:29 -0300] "GET /media/pictures/bean.jpeg HTTP/1.1" 200 6165 "http://codoacodo.ddns.net:55005/dashboard/?page=5" "Mozilla/5.0 (Windows NT 10.0; Win64; x64) AppleWebKit/537.36 (KHTML, like Gecko) Chrome/108.0.0.0 Safari/537.36"
192.168.0.150 - - [14/Dec/2022:09:32:30 -0300] "GET /dashboard/leo/ HTTP/1.1" 200 2676 "http://192.168.0.103/dashboard/?page=4" "Mozilla/5.0 (Windows NT 10.0; Win64; x64) AppleWebKit/537.36 (KHTML, like Gecko) Chrome/108.0.0.0 Safari/537.36"
201.212.223.221 - - [14/Dec/2022:09:32:37 -0300] "GET /dashboard/?page=2 HTTP/1.1" 200 2422 "http://codoacodo.ddns.net:55005/dashboard/?page=5" "Mozilla/5.0 (Windows NT 10.0; Win64; x64) AppleWebKit/537.36 (KHTML, like Gecko) Chrome/108.0.0.0 Safari/537.36"
192.168.0.150 - - [14/Dec/2022:09:32:38 -0300] "GET /dashboard/?page=5 HTTP/1.1" 200 2448 "http://192.168.0.103/dashboard/?page=4" "Mozilla/5.0 (Windows NT 10.0; Win64; x64) AppleWebKit/537.36 (KHTML, like Gecko) Chrome/108.0.0.0 Safari/537.36"
201.212.223.221 - - [14/Dec/2022:09:32:39 -0300] "GET /dashboard/jorge/ HTTP/1.1" 200 2695 "http://codoacodo.ddns.net:55005/dashboard/?page=2" "Mozilla/5.0 (Windows NT 10.0; Win64; x64) AppleWebKit/537.36 (KHTML, like Gecko) Chrome/108.0.0.0 Safari/537.36"
192.168.0.150 - - [14/Dec/2022:09:32:40 -0300] "GET /dashboard/luis/ HTTP/1.1" 200 2771 "http://192.168.0.103/dashboard/?page=5" "Mozilla/5.0 (Windows NT 10.0; Win64; x64) AppleWebKit/537.36 (KHTML, like Gecko) Chrome/108.0.0.0 Safari/537.36"
201.212.223.221 - - [14/Dec/2022:09:32:48 -0300] "GET /dashboard/?page=3 HTTP/1.1" 200 2440 "http://codoacodo.ddns.net:55005/dashboard/?page=2" "Mozilla/5.0 (Windows NT 10.0; Win64; x64) AppleWebKit/537.36 (KHTML, like Gecko) Chrome/108.0.0.0 Safari/537.36"
201.212.223.221 - - [14/Dec/2022:09:32:48 -0300] "GET /media/pictures/HecJ.jpg HTTP/1.1" 304 249 "http://codoacodo.ddns.net:55005/dashboard/?page=3" "Mozilla/5.0 (Windows NT 10.0; Win64; x64) AppleWebKit/537.36 (KHTML, like Gecko) Chrome/108.0.0.0 Safari/537.36"
201.212.223.221 - - [14/Dec/2022:09:32:50 -0300] "GET /dashboard/JoseLuis/ HTTP/1.1" 200 2684 "http://codoacodo.ddns.net:55005/dashboard/?page=3" "Mozilla/5.0 (Windows NT 10.0; Win64; x64) AppleWebKit/537.36 (KHTML, like Gecko) Chrome/108.0.0.0 Safari/537.36"
201.212.223.221 - - [14/Dec/2022:09:33:03 -0300] "GET /dashboard/?page=1 HTTP/1.1" 200 2489 "http://codoacodo.ddns.net:55005/dashboard/?page=2" "Mozilla/5.0 (Windows NT 10.0; Win64; x64) AppleWebKit/537.36 (KHTML, like Gecko) Chrome/108.0.0.0 Safari/537.36"
192.168.0.150 - - [14/Dec/2022:09:33:03 -0300] "GET /dashboard/luis/ HTTP/1.1" 200 2773 "http://192.168.0.103/dashboard/?page=5" "Mozilla/5.0 (Windows NT 10.0; Win64; x64) AppleWebKit/537.36 (KHTML, like Gecko) Chrome/108.0.0.0 Safari/537.36"
201.212.223.221 - - [14/Dec/2022:09:33:06 -0300] "GET /dashboard/?page=2 HTTP/1.1" 200 2421 "http://codoacodo.ddns.net:55005/dashboard/?page=1" "Mozilla/5.0 (Windows NT 10.0; Win64; x64) AppleWebKit/537.36 (KHTML, like Gecko) Chrome/108.0.0.0 Safari/537.36"
201.212.223.221 - - [14/Dec/2022:09:33:09 -0300] "GET /dashboard/?page=3 HTTP/1.1" 200 2439 "http://codoacodo.ddns.net:55005/dashboard/?page=2" "Mozilla/5.0 (Windows NT 10.0; Win64; x64) AppleWebKit/537.36 (KHTML, like Gecko) Chrome/108.0.0.0 Safari/537.36"
201.212.223.221 - - [14/Dec/2022:09:33:09 -0300] "GET /media/pictures/HecJ.jpg HTTP/1.1" 304 249 "http://codoacodo.ddns.net:55005/dashboard/?page=3" "Mozilla/5.0 (Windows NT 10.0; Win64; x64) AppleWebKit/537.36 (KHTML, like Gecko) Chrome/108.0.0.0 Safari/537.36"
192.168.0.150 - - [14/Dec/2022:09:33:11 -0300] "GET /accounts/profile/ HTTP/1.1" 200 3451 "http://192.168.0.103/dashboard/?page=5" "Mozilla/5.0 (Windows NT 10.0; Win64; x64) AppleWebKit/537.36 (KHTML, like Gecko) Chrome/108.0.0.0 Safari/537.36"
201.212.223.221 - - [14/Dec/2022:09:33:12 -0300] "GET /dashboard/?page=4 HTTP/1.1" 200 2426 "http://codoacodo.ddns.net:55005/dashboard/?page=3" "Mozilla/5.0 (Windows NT 10.0; Win64; x64) AppleWebKit/537.36 (KHTML, like Gecko) Chrome/108.0.0.0 Safari/537.36"
201.212.223.221 - - [14/Dec/2022:09:33:17 -0300] "GET /dashboard/?page=5 HTTP/1.1" 200 2448 "http://codoacodo.ddns.net:55005/dashboard/?page=4" "Mozilla/5.0 (Windows NT 10.0; Win64; x64) AppleWebKit/537.36 (KHTML, like Gecko) Chrome/108.0.0.0 Safari/537.36"
201.212.223.221 - - [14/Dec/2022:09:33:24 -0300] "GET /dashboard/?page=2 HTTP/1.1" 200 2422 "http://codoacodo.ddns.net:55005/dashboard/?page=5" "Mozilla/5.0 (Windows NT 10.0; Win64; x64) AppleWebKit/537.36 (KHTML, like Gecko) Chrome/108.0.0.0 Safari/537.36"
201.212.223.221 - - [14/Dec/2022:09:33:26 -0300] "GET /dashboard/?page=1 HTTP/1.1" 200 2488 "http://codoacodo.ddns.net:55005/dashboard/?page=2" "Mozilla/5.0 (Windows NT 10.0; Win64; x64) AppleWebKit/537.36 (KHTML, like Gecko) Chrome/108.0.0.0 Safari/537.36"
201.212.223.221 - - [14/Dec/2022:09:33:28 -0300] "GET /dashboard/?page=2 HTTP/1.1" 200 2421 "http://codoacodo.ddns.net:55005/dashboard/?page=1" "Mozilla/5.0 (Windows NT 10.0; Win64; x64) AppleWebKit/537.36 (KHTML, like Gecko) Chrome/108.0.0.0 Safari/537.36"
201.212.223.221 - - [14/Dec/2022:09:33:29 -0300] "GET /dashboard/?page=3 HTTP/1.1" 200 2439 "http://codoacodo.ddns.net:55005/dashboard/?page=2" "Mozilla/5.0 (Windows NT 10.0; Win64; x64) AppleWebKit/537.36 (KHTML, like Gecko) Chrome/108.0.0.0 Safari/537.36"
201.212.223.221 - - [14/Dec/2022:09:33:29 -0300] "GET /media/pictures/HecJ.jpg HTTP/1.1" 304 249 "http://codoacodo.ddns.net:55005/dashboard/?page=3" "Mozilla/5.0 (Windows NT 10.0; Win64; x64) AppleWebKit/537.36 (KHTML, like Gecko) Chrome/108.0.0.0 Safari/537.36"
192.168.0.150 - - [14/Dec/2022:09:33:44 -0300] "POST /accounts/profile/ HTTP/1.1" 302 377 "http://192.168.0.103/accounts/profile/" "Mozilla/5.0 (Windows NT 10.0; Win64; x64) AppleWebKit/537.36 (KHTML, like Gecko) Chrome/108.0.0.0 Safari/537.36"
192.168.0.150 - - [14/Dec/2022:09:33:44 -0300] "GET /accounts/profile/ HTTP/1.1" 200 3452 "http://192.168.0.103/accounts/profile/" "Mozilla/5.0 (Windows NT 10.0; Win64; x64) AppleWebKit/537.36 (KHTML, like Gecko) Chrome/108.0.0.0 Safari/537.36"
201.212.223.221 - - [14/Dec/2022:09:33:47 -0300] "GET /dashboard/JoseLuis/ HTTP/1.1" 200 2681 "http://codoacodo.ddns.net:55005/dashboard/?page=3" "Mozilla/5.0 (Windows NT 10.0; Win64; x64) AppleWebKit/537.36 (KHTML, like Gecko) Chrome/108.0.0.0 Safari/537.36"
201.212.223.221 - - [14/Dec/2022:09:33:47 -0300] "GET /media/pictures/HecJ.jpg HTTP/1.1" 304 249 "http://codoacodo.ddns.net:55005/dashboard/JoseLuis/" "Mozilla/5.0 (Windows NT 10.0; Win64; x64) AppleWebKit/537.36 (KHTML, like Gecko) Chrome/108.0.0.0 Safari/537.36"
192.168.0.150 - - [14/Dec/2022:09:33:55 -0300] "GET /dashboard/ HTTP/1.1" 200 2489 "http://192.168.0.103/accounts/profile/" "Mozilla/5.0 (Windows NT 10.0; Win64; x64) AppleWebKit/537.36 (KHTML, like Gecko) Chrome/108.0.0.0 Safari/537.36"
192.168.0.150 - - [14/Dec/2022:09:33:56 -0300] "GET /dashboard/?page=5 HTTP/1.1" 200 2447 "http://192.168.0.103/dashboard/" "Mozilla/5.0 (Windows NT 10.0; Win64; x64) AppleWebKit/537.36 (KHTML, like Gecko) Chrome/108.0.0.0 Safari/537.36"
192.168.0.150 - - [14/Dec/2022:09:33:57 -0300] "GET /dashboard/?page=3 HTTP/1.1" 200 2439 "http://192.168.0.103/dashboard/?page=5" "Mozilla/5.0 (Windows NT 10.0; Win64; x64) AppleWebKit/537.36 (KHTML, like Gecko) Chrome/108.0.0.0 Safari/537.36"
192.168.0.150 - - [14/Dec/2022:09:33:58 -0300] "GET /media/pictures/HecJ.jpg HTTP/1.1" 200 26683 "http://192.168.0.103/dashboard/?page=3" "Mozilla/5.0 (Windows NT 10.0; Win64; x64) AppleWebKit/537.36 (KHTML, like Gecko) Chrome/108.0.0.0 Safari/537.36"
192.168.0.150 - - [14/Dec/2022:09:34:02 -0300] "GET /dashboard/JoseLuis/ HTTP/1.1" 200 2682 "http://192.168.0.103/dashboard/?page=3" "Mozilla/5.0 (Windows NT 10.0; Win64; x64) AppleWebKit/537.36 (KHTML, like Gecko) Chrome/108.0.0.0 Safari/537.36"
192.168.0.150 - - [14/Dec/2022:09:34:16 -0300] "GET /dashboard/?page=4 HTTP/1.1" 200 2427 "http://192.168.0.103/dashboard/?page=3" "Mozilla/5.0 (Windows NT 10.0; Win64; x64) AppleWebKit/537.36 (KHTML, like Gecko) Chrome/108.0.0.0 Safari/537.36"
192.168.0.150 - - [14/Dec/2022:09:34:19 -0300] "GET /dashboard/?page=5 HTTP/1.1" 200 2447 "http://192.168.0.103/dashboard/?page=4" "Mozilla/5.0 (Windows NT 10.0; Win64; x64) AppleWebKit/537.36 (KHTML, like Gecko) Chrome/108.0.0.0 Safari/537.36"
192.168.0.150 - - [14/Dec/2022:09:34:24 -0300] "GET /dashboard/?page=1 HTTP/1.1" 200 2489 "http://192.168.0.103/dashboard/?page=5" "Mozilla/5.0 (Windows NT 10.0; Win64; x64) AppleWebKit/537.36 (KHTML, like Gecko) Chrome/108.0.0.0 Safari/537.36"
192.168.0.150 - - [14/Dec/2022:09:34:25 -0300] "GET /dashboard/?page=2 HTTP/1.1" 200 2421 "http://192.168.0.103/dashboard/?page=1" "Mozilla/5.0 (Windows NT 10.0; Win64; x64) AppleWebKit/537.36 (KHTML, like Gecko) Chrome/108.0.0.0 Safari/537.36"
201.212.223.221 - - [14/Dec/2022:09:34:28 -0300] "GET /dashboard/ HTTP/1.1" 200 2489 "http://codoacodo.ddns.net:55005/dashboard/JoseLuis/" "Mozilla/5.0 (Windows NT 10.0; Win64; x64) AppleWebKit/537.36 (KHTML, like Gecko) Chrome/108.0.0.0 Safari/537.36"
201.212.223.221 - - [14/Dec/2022:09:34:31 -0300] "GET /dashboard/?page=2 HTTP/1.1" 200 2421 "http://codoacodo.ddns.net:55005/dashboard/" "Mozilla/5.0 (Windows NT 10.0; Win64; x64) AppleWebKit/537.36 (KHTML, like Gecko) Chrome/108.0.0.0 Safari/537.36"
201.212.223.221 - - [14/Dec/2022:09:34:34 -0300] "GET /dashboard/?page=3 HTTP/1.1" 200 2439 "http://codoacodo.ddns.net:55005/dashboard/?page=2" "Mozilla/5.0 (Windows NT 10.0; Win64; x64) AppleWebKit/537.36 (KHTML, like Gecko) Chrome/108.0.0.0 Safari/537.36"
201.212.223.221 - - [14/Dec/2022:09:34:34 -0300] "GET /media/pictures/HecJ.jpg HTTP/1.1" 304 249 "http://codoacodo.ddns.net:55005/dashboard/?page=3" "Mozilla/5.0 (Windows NT 10.0; Win64; x64) AppleWebKit/537.36 (KHTML, like Gecko) Chrome/108.0.0.0 Safari/537.36"
201.212.223.221 - - [14/Dec/2022:09:34:36 -0300] "GET /dashboard/?page=4 HTTP/1.1" 200 2426 "http://codoacodo.ddns.net:55005/dashboard/?page=3" "Mozilla/5.0 (Windows NT 10.0; Win64; x64) AppleWebKit/537.36 (KHTML, like Gecko) Chrome/108.0.0.0 Safari/537.36"
201.212.223.221 - - [14/Dec/2022:09:34:39 -0300] "GET /dashboard/?page=5 HTTP/1.1" 200 2447 "http://codoacodo.ddns.net:55005/dashboard/?page=4" "Mozilla/5.0 (Windows NT 10.0; Win64; x64) AppleWebKit/537.36 (KHTML, like Gecko) Chrome/108.0.0.0 Safari/537.36"
201.212.223.221 - - [14/Dec/2022:09:34:41 -0300] "GET /dashboard/?page=2 HTTP/1.1" 200 2421 "http://codoacodo.ddns.net:55005/dashboard/?page=5" "Mozilla/5.0 (Windows NT 10.0; Win64; x64) AppleWebKit/537.36 (KHTML, like Gecko) Chrome/108.0.0.0 Safari/537.36"
201.212.223.221 - - [14/Dec/2022:09:34:43 -0300] "GET /dashboard/?page=1 HTTP/1.1" 200 2488 "http://codoacodo.ddns.net:55005/dashboard/?page=2" "Mozilla/5.0 (Windows NT 10.0; Win64; x64) AppleWebKit/537.36 (KHTML, like Gecko) Chrome/108.0.0.0 Safari/537.36"
201.212.223.221 - - [14/Dec/2022:09:35:19 -0300] "-" 408 0 "-" "-"
192.168.0.150 - - [14/Dec/2022:09:35:53 -0300] "GET /dashboard/?page=1 HTTP/1.1" 200 2489 "http://192.168.0.103/dashboard/?page=2" "Mozilla/5.0 (Windows NT 10.0; Win64; x64) AppleWebKit/537.36 (KHTML, like Gecko) Chrome/108.0.0.0 Safari/537.36"
192.168.0.150 - - [14/Dec/2022:09:35:54 -0300] "GET /dashboard/?page=2 HTTP/1.1" 200 2421 "http://192.168.0.103/dashboard/?page=1" "Mozilla/5.0 (Windows NT 10.0; Win64; x64) AppleWebKit/537.36 (KHTML, like Gecko) Chrome/108.0.0.0 Safari/537.36"
192.168.0.150 - - [14/Dec/2022:09:35:56 -0300] "GET /dashboard/?page=3 HTTP/1.1" 200 2439 "http://192.168.0.103/dashboard/?page=2" "Mozilla/5.0 (Windows NT 10.0; Win64; x64) AppleWebKit/537.36 (KHTML, like Gecko) Chrome/108.0.0.0 Safari/537.36"
192.168.0.150 - - [14/Dec/2022:09:35:56 -0300] "GET /media/pictures/HecJ.jpg HTTP/1.1" 304 249 "http://192.168.0.103/dashboard/?page=3" "Mozilla/5.0 (Windows NT 10.0; Win64; x64) AppleWebKit/537.36 (KHTML, like Gecko) Chrome/108.0.0.0 Safari/537.36"
192.168.0.150 - - [14/Dec/2022:09:35:58 -0300] "GET /dashboard/?page=4 HTTP/1.1" 200 2426 "http://192.168.0.103/dashboard/?page=3" "Mozilla/5.0 (Windows NT 10.0; Win64; x64) AppleWebKit/537.36 (KHTML, like Gecko) Chrome/108.0.0.0 Safari/537.36"
192.168.0.150 - - [14/Dec/2022:09:36:00 -0300] "GET /dashboard/?page=5 HTTP/1.1" 200 2447 "http://192.168.0.103/dashboard/?page=4" "Mozilla/5.0 (Windows NT 10.0; Win64; x64) AppleWebKit/537.36 (KHTML, like Gecko) Chrome/108.0.0.0 Safari/537.36"
192.168.0.150 - - [14/Dec/2022:09:36:09 -0300] "GET /dashboard/?page=3 HTTP/1.1" 200 2440 "http://192.168.0.103/dashboard/?page=5" "Mozilla/5.0 (Windows NT 10.0; Win64; x64) AppleWebKit/537.36 (KHTML, like Gecko) Chrome/108.0.0.0 Safari/537.36"
192.168.0.150 - - [14/Dec/2022:09:37:21 -0300] "GET /dashboard/?page=4 HTTP/1.1" 200 2427 "http://192.168.0.103/dashboard/?page=3" "Mozilla/5.0 (Windows NT 10.0; Win64; x64) AppleWebKit/537.36 (KHTML, like Gecko) Chrome/108.0.0.0 Safari/537.36"
192.168.0.150 - - [14/Dec/2022:09:37:24 -0300] "GET /dashboard/?page=5 HTTP/1.1" 200 2447 "http://192.168.0.103/dashboard/?page=4" "Mozilla/5.0 (Windows NT 10.0; Win64; x64) AppleWebKit/537.36 (KHTML, like Gecko) Chrome/108.0.0.0 Safari/537.36"
192.168.0.150 - - [14/Dec/2022:09:37:26 -0300] "GET /dashboard/luis/ HTTP/1.1" 200 2773 "http://192.168.0.103/dashboard/?page=5" "Mozilla/5.0 (Windows NT 10.0; Win64; x64) AppleWebKit/537.36 (KHTML, like Gecko) Chrome/108.0.0.0 Safari/537.36"
192.168.0.150 - - [14/Dec/2022:09:37:41 -0300] "GET /dashboard/?page=3 HTTP/1.1" 200 2440 "http://192.168.0.103/dashboard/?page=4" "Mozilla/5.0 (Windows NT 10.0; Win64; x64) AppleWebKit/537.36 (KHTML, like Gecko) Chrome/108.0.0.0 Safari/537.36"
192.168.0.150 - - [14/Dec/2022:09:37:41 -0300] "GET /media/pictures/HecJ.jpg HTTP/1.1" 304 249 "http://192.168.0.103/dashboard/?page=3" "Mozilla/5.0 (Windows NT 10.0; Win64; x64) AppleWebKit/537.36 (KHTML, like Gecko) Chrome/108.0.0.0 Safari/537.36"
192.168.0.150 - - [14/Dec/2022:09:37:42 -0300] "GET /dashboard/?page=2 HTTP/1.1" 200 2421 "http://192.168.0.103/dashboard/?page=3" "Mozilla/5.0 (Windows NT 10.0; Win64; x64) AppleWebKit/537.36 (KHTML, like Gecko) Chrome/108.0.0.0 Safari/537.36"
192.168.0.150 - - [14/Dec/2022:09:37:44 -0300] "GET /dashboard/?page=1 HTTP/1.1" 200 2488 "http://192.168.0.103/dashboard/?page=2" "Mozilla/5.0 (Windows NT 10.0; Win64; x64) AppleWebKit/537.36 (KHTML, like Gecko) Chrome/108.0.0.0 Safari/537.36"
186.141.199.144 - - [14/Dec/2022:09:38:00 -0300] "GET / HTTP/1.1" 200 2065 "-" "Mozilla/5.0 (Android 12; Mobile; rv:107.0) Gecko/107.0 Firefox/107.0"
186.141.199.144 - - [14/Dec/2022:09:38:00 -0300] "GET /static/base/style.css HTTP/1.1" 200 1040 "http://codoacodo.ddns.net:55005/" "Mozilla/5.0 (Android 12; Mobile; rv:107.0) Gecko/107.0 Firefox/107.0"
186.141.199.144 - - [14/Dec/2022:09:38:01 -0300] "GET /img/opcion_2.png HTTP/1.1" 404 502 "http://codoacodo.ddns.net:55005/" "Mozilla/5.0 (Android 12; Mobile; rv:107.0) Gecko/107.0 Firefox/107.0"
186.141.199.144 - - [14/Dec/2022:09:38:00 -0300] "GET /static/base/img/opcion_2.png HTTP/1.1" 200 4299532 "-" "Mozilla/5.0 (Android 12; Mobile; rv:107.0) Gecko/107.0 Firefox/107.0"
186.141.199.144 - - [14/Dec/2022:09:38:02 -0300] "GET /static/base/img/opcion_2.png HTTP/1.1" 200 4299531 "http://codoacodo.ddns.net:55005/" "Mozilla/5.0 (Android 12; Mobile; rv:107.0) Gecko/107.0 Firefox/107.0"
192.168.0.150 - - [14/Dec/2022:09:38:18 -0300] "GET /dashboard/?page=2 HTTP/1.1" 200 2422 "http://192.168.0.103/dashboard/?page=1" "Mozilla/5.0 (Windows NT 10.0; Win64; x64) AppleWebKit/537.36 (KHTML, like Gecko) Chrome/108.0.0.0 Safari/537.36"
192.168.0.150 - - [14/Dec/2022:09:38:20 -0300] "GET /dashboard/?page=3 HTTP/1.1" 200 2439 "http://192.168.0.103/dashboard/?page=2" "Mozilla/5.0 (Windows NT 10.0; Win64; x64) AppleWebKit/537.36 (KHTML, like Gecko) Chrome/108.0.0.0 Safari/537.36"
192.168.0.150 - - [14/Dec/2022:09:38:20 -0300] "GET /media/pictures/HecJ.jpg HTTP/1.1" 304 249 "http://192.168.0.103/dashboard/?page=3" "Mozilla/5.0 (Windows NT 10.0; Win64; x64) AppleWebKit/537.36 (KHTML, like Gecko) Chrome/108.0.0.0 Safari/537.36"
192.168.0.150 - - [14/Dec/2022:09:38:21 -0300] "GET /dashboard/?page=4 HTTP/1.1" 200 2426 "http://192.168.0.103/dashboard/?page=3" "Mozilla/5.0 (Windows NT 10.0; Win64; x64) AppleWebKit/537.36 (KHTML, like Gecko) Chrome/108.0.0.0 Safari/537.36"
192.168.0.150 - - [14/Dec/2022:09:38:23 -0300] "GET /dashboard/?page=5 HTTP/1.1" 200 2447 "http://192.168.0.103/dashboard/?page=4" "Mozilla/5.0 (Windows NT 10.0; Win64; x64) AppleWebKit/537.36 (KHTML, like Gecko) Chrome/108.0.0.0 Safari/537.36"
201.212.223.221 - - [14/Dec/2022:09:38:57 -0300] "GET /dashboard/?page=3 HTTP/1.1" 200 2440 "http://codoacodo.ddns.net:55005/dashboard/?page=1" "Mozilla/5.0 (Windows NT 10.0; Win64; x64) AppleWebKit/537.36 (KHTML, like Gecko) Chrome/108.0.0.0 Safari/537.36"
201.212.223.221 - - [14/Dec/2022:09:38:57 -0300] "GET /media/pictures/HecJ.jpg HTTP/1.1" 304 249 "http://codoacodo.ddns.net:55005/dashboard/?page=3" "Mozilla/5.0 (Windows NT 10.0; Win64; x64) AppleWebKit/537.36 (KHTML, like Gecko) Chrome/108.0.0.0 Safari/537.36"
201.212.223.221 - - [14/Dec/2022:09:39:48 -0300] "-" 408 0 "-" "-"
201.212.223.221 - - [14/Dec/2022:09:40:35 -0300] "GET /dashboard/ HTTP/1.1" 200 2489 "http://codoacodo.ddns.net:55005/dashboard/?page=3" "Mozilla/5.0 (Windows NT 10.0; Win64; x64) AppleWebKit/537.36 (KHTML, like Gecko) Chrome/108.0.0.0 Safari/537.36"
201.212.223.221 - - [14/Dec/2022:09:40:37 -0300] "GET /accounts/profile/ HTTP/1.1" 200 3372 "http://codoacodo.ddns.net:55005/dashboard/" "Mozilla/5.0 (Windows NT 10.0; Win64; x64) AppleWebKit/537.36 (KHTML, like Gecko) Chrome/108.0.0.0 Safari/537.36"
201.212.223.221 - - [14/Dec/2022:09:40:37 -0300] "GET /media/pictures/HecJ.jpg HTTP/1.1" 304 249 "http://codoacodo.ddns.net:55005/accounts/profile/" "Mozilla/5.0 (Windows NT 10.0; Win64; x64) AppleWebKit/537.36 (KHTML, like Gecko) Chrome/108.0.0.0 Safari/537.36"
201.212.223.221 - - [14/Dec/2022:09:41:27 -0300] "-" 408 0 "-" "-"
201.212.223.221 - - [14/Dec/2022:09:41:52 -0300] "GET /dashboard/ HTTP/1.1" 200 2489 "http://codoacodo.ddns.net:55005/accounts/profile/" "Mozilla/5.0 (Windows NT 10.0; Win64; x64) AppleWebKit/537.36 (KHTML, like Gecko) Chrome/108.0.0.0 Safari/537.36"
201.212.223.221 - - [14/Dec/2022:09:41:55 -0300] "GET /dashboard/?page=3 HTTP/1.1" 200 2439 "http://codoacodo.ddns.net:55005/dashboard/" "Mozilla/5.0 (Windows NT 10.0; Win64; x64) AppleWebKit/537.36 (KHTML, like Gecko) Chrome/108.0.0.0 Safari/537.36"
201.212.223.221 - - [14/Dec/2022:09:41:55 -0300] "GET /media/pictures/HecJ.jpg HTTP/1.1" 304 249 "http://codoacodo.ddns.net:55005/dashboard/?page=3" "Mozilla/5.0 (Windows NT 10.0; Win64; x64) AppleWebKit/537.36 (KHTML, like Gecko) Chrome/108.0.0.0 Safari/537.36"
201.212.223.221 - - [14/Dec/2022:09:42:10 -0300] "GET /dashboard/JoseLuis/ HTTP/1.1" 200 2682 "http://codoacodo.ddns.net:55005/dashboard/?page=3" "Mozilla/5.0 (Windows NT 10.0; Win64; x64) AppleWebKit/537.36 (KHTML, like Gecko) Chrome/108.0.0.0 Safari/537.36"
201.212.223.221 - - [14/Dec/2022:09:42:21 -0300] "GET /accounts/profile/ HTTP/1.1" 200 3374 "http://codoacodo.ddns.net:55005/dashboard/JoseLuis/" "Mozilla/5.0 (Windows NT 10.0; Win64; x64) AppleWebKit/537.36 (KHTML, like Gecko) Chrome/108.0.0.0 Safari/537.36"
201.212.223.221 - - [14/Dec/2022:09:43:12 -0300] "-" 408 0 "-" "-"
186.12.56.117 - - [14/Dec/2022:09:43:19 -0300] "GET /dashboard/?page=4 HTTP/1.1" 200 2427 "http://codoacodo.ddns.net:55005/dashboard/?page=3" "Mozilla/5.0 (Linux; Android 11; motorola one fusion) AppleWebKit/537.36 (KHTML, like Gecko) Chrome/108.0.0.0 Mobile Safari/537.36"
186.12.56.117 - - [14/Dec/2022:09:43:21 -0300] "GET /dashboard/?page=5 HTTP/1.1" 200 2447 "http://codoacodo.ddns.net:55005/dashboard/?page=4" "Mozilla/5.0 (Linux; Android 11; motorola one fusion) AppleWebKit/537.36 (KHTML, like Gecko) Chrome/108.0.0.0 Mobile Safari/537.36"
186.12.56.117 - - [14/Dec/2022:09:43:23 -0300] "GET /dashboard/?page=2 HTTP/1.1" 200 2421 "http://codoacodo.ddns.net:55005/dashboard/?page=5" "Mozilla/5.0 (Linux; Android 11; motorola one fusion) AppleWebKit/537.36 (KHTML, like Gecko) Chrome/108.0.0.0 Mobile Safari/537.36"
192.168.0.150 - - [14/Dec/2022:09:43:23 -0300] "GET /dashboard/?page=1 HTTP/1.1" 200 2489 "http://192.168.0.103/dashboard/?page=5" "Mozilla/5.0 (Windows NT 10.0; Win64; x64) AppleWebKit/537.36 (KHTML, like Gecko) Chrome/108.0.0.0 Safari/537.36"
192.168.0.150 - - [14/Dec/2022:09:43:24 -0300] "GET /dashboard/?page=2 HTTP/1.1" 200 2421 "http://192.168.0.103/dashboard/?page=1" "Mozilla/5.0 (Windows NT 10.0; Win64; x64) AppleWebKit/537.36 (KHTML, like Gecko) Chrome/108.0.0.0 Safari/537.36"
186.12.56.117 - - [14/Dec/2022:09:43:25 -0300] "GET /dashboard/?page=3 HTTP/1.1" 200 2439 "http://codoacodo.ddns.net:55005/dashboard/?page=2" "Mozilla/5.0 (Linux; Android 11; motorola one fusion) AppleWebKit/537.36 (KHTML, like Gecko) Chrome/108.0.0.0 Mobile Safari/537.36"
186.12.56.117 - - [14/Dec/2022:09:43:25 -0300] "GET /media/pictures/HecJ.jpg HTTP/1.1" 200 26683 "http://codoacodo.ddns.net:55005/dashboard/?page=3" "Mozilla/5.0 (Linux; Android 11; motorola one fusion) AppleWebKit/537.36 (KHTML, like Gecko) Chrome/108.0.0.0 Mobile Safari/537.36"
192.168.0.150 - - [14/Dec/2022:09:43:26 -0300] "GET /dashboard/?page=3 HTTP/1.1" 200 2439 "http://192.168.0.103/dashboard/?page=2" "Mozilla/5.0 (Windows NT 10.0; Win64; x64) AppleWebKit/537.36 (KHTML, like Gecko) Chrome/108.0.0.0 Safari/537.36"
192.168.0.150 - - [14/Dec/2022:09:43:26 -0300] "GET /media/pictures/HecJ.jpg HTTP/1.1" 304 249 "http://192.168.0.103/dashboard/?page=3" "Mozilla/5.0 (Windows NT 10.0; Win64; x64) AppleWebKit/537.36 (KHTML, like Gecko) Chrome/108.0.0.0 Safari/537.36"
186.12.56.117 - - [14/Dec/2022:09:43:31 -0300] "GET /dashboard/JoseLuis/ HTTP/1.1" 200 2684 "http://codoacodo.ddns.net:55005/dashboard/?page=3" "Mozilla/5.0 (Linux; Android 11; motorola one fusion) AppleWebKit/537.36 (KHTML, like Gecko) Chrome/108.0.0.0 Mobile Safari/537.36"
192.168.0.150 - - [14/Dec/2022:09:43:36 -0300] "GET /dashboard/?page=4 HTTP/1.1" 200 2427 "http://192.168.0.103/dashboard/?page=3" "Mozilla/5.0 (Windows NT 10.0; Win64; x64) AppleWebKit/537.36 (KHTML, like Gecko) Chrome/108.0.0.0 Safari/537.36"
192.168.0.150 - - [14/Dec/2022:09:43:40 -0300] "GET /dashboard/leo/ HTTP/1.1" 200 2675 "http://192.168.0.103/dashboard/?page=4" "Mozilla/5.0 (Windows NT 10.0; Win64; x64) AppleWebKit/537.36 (KHTML, like Gecko) Chrome/108.0.0.0 Safari/537.36"
186.12.56.117 - - [14/Dec/2022:09:43:46 -0300] "GET /dashboard/?page=2 HTTP/1.1" 200 2422 "http://codoacodo.ddns.net:55005/dashboard/?page=3" "Mozilla/5.0 (Linux; Android 11; motorola one fusion) AppleWebKit/537.36 (KHTML, like Gecko) Chrome/108.0.0.0 Mobile Safari/537.36"
186.12.56.117 - - [14/Dec/2022:09:43:47 -0300] "GET /dashboard/?page=1 HTTP/1.1" 200 2488 "http://codoacodo.ddns.net:55005/dashboard/?page=2" "Mozilla/5.0 (Linux; Android 11; motorola one fusion) AppleWebKit/537.36 (KHTML, like Gecko) Chrome/108.0.0.0 Mobile Safari/537.36"
192.168.0.150 - - [14/Dec/2022:09:44:01 -0300] "GET /dashboard/?page=5 HTTP/1.1" 200 2448 "http://192.168.0.103/dashboard/?page=4" "Mozilla/5.0 (Windows NT 10.0; Win64; x64) AppleWebKit/537.36 (KHTML, like Gecko) Chrome/108.0.0.0 Safari/537.36"
192.168.0.150 - - [14/Dec/2022:09:44:14 -0300] "GET /dashboard/luis/ HTTP/1.1" 200 2775 "http://192.168.0.103/dashboard/?page=5" "Mozilla/5.0 (Windows NT 10.0; Win64; x64) AppleWebKit/537.36 (KHTML, like Gecko) Chrome/108.0.0.0 Safari/537.36"
186.12.56.117 - - [14/Dec/2022:09:44:38 -0300] "-" 408 0 "-" "-"
201.212.223.221 - - [14/Dec/2022:09:45:54 -0300] "GET /accounts/profile/ HTTP/1.1" 200 3373 "http://codoacodo.ddns.net:55005/accounts/profile/" "Mozilla/5.0 (Windows NT 10.0; Win64; x64) AppleWebKit/537.36 (KHTML, like Gecko) Chrome/108.0.0.0 Safari/537.36"
201.212.223.221 - - [14/Dec/2022:09:45:54 -0300] "GET /media/pictures/HecJ.jpg HTTP/1.1" 304 249 "http://codoacodo.ddns.net:55005/accounts/profile/" "Mozilla/5.0 (Windows NT 10.0; Win64; x64) AppleWebKit/537.36 (KHTML, like Gecko) Chrome/108.0.0.0 Safari/537.36"
201.212.223.221 - - [14/Dec/2022:09:45:55 -0300] "GET /accounts/profile/ HTTP/1.1" 200 3372 "http://codoacodo.ddns.net:55005/accounts/profile/" "Mozilla/5.0 (Windows NT 10.0; Win64; x64) AppleWebKit/537.36 (KHTML, like Gecko) Chrome/108.0.0.0 Safari/537.36"
201.212.223.221 - - [14/Dec/2022:09:45:57 -0300] "GET /dashboard/ HTTP/1.1" 200 2488 "http://codoacodo.ddns.net:55005/accounts/profile/" "Mozilla/5.0 (Windows NT 10.0; Win64; x64) AppleWebKit/537.36 (KHTML, like Gecko) Chrome/108.0.0.0 Safari/537.36"
201.212.223.221 - - [14/Dec/2022:09:46:00 -0300] "GET /dashboard/?page=4 HTTP/1.1" 200 2426 "http://codoacodo.ddns.net:55005/dashboard/" "Mozilla/5.0 (Windows NT 10.0; Win64; x64) AppleWebKit/537.36 (KHTML, like Gecko) Chrome/108.0.0.0 Safari/537.36"
201.212.223.221 - - [14/Dec/2022:09:46:05 -0300] "GET /dashboard/ HTTP/1.1" 200 2489 "http://codoacodo.ddns.net:55005/dashboard/?page=4" "Mozilla/5.0 (Windows NT 10.0; Win64; x64) AppleWebKit/537.36 (KHTML, like Gecko) Chrome/108.0.0.0 Safari/537.36"
201.212.223.221 - - [14/Dec/2022:09:46:07 -0300] "GET /dashboard/?page=3 HTTP/1.1" 200 2439 "http://codoacodo.ddns.net:55005/dashboard/" "Mozilla/5.0 (Windows NT 10.0; Win64; x64) AppleWebKit/537.36 (KHTML, like Gecko) Chrome/108.0.0.0 Safari/537.36"
201.212.223.221 - - [14/Dec/2022:09:46:08 -0300] "GET /dashboard/JoseLuis/ HTTP/1.1" 200 2682 "http://codoacodo.ddns.net:55005/dashboard/?page=3" "Mozilla/5.0 (Windows NT 10.0; Win64; x64) AppleWebKit/537.36 (KHTML, like Gecko) Chrome/108.0.0.0 Safari/537.36"
201.212.223.221 - - [14/Dec/2022:09:46:58 -0300] "-" 408 0 "-" "-"
181.4.237.77 - - [14/Dec/2022:09:47:07 -0300] "GET / HTTP/1.1" 200 2065 "-" "Mozilla/5.0 (Linux; Android 12; SM-A525M) AppleWebKit/537.36 (KHTML, like Gecko) Chrome/108.0.0.0 Mobile Safari/537.36"
181.4.237.77 - - [14/Dec/2022:09:47:08 -0300] "GET /static/base/style.css HTTP/1.1" 200 1040 "http://codoacodo.ddns.net:55005/" "Mozilla/5.0 (Linux; Android 12; SM-A525M) AppleWebKit/537.36 (KHTML, like Gecko) Chrome/108.0.0.0 Mobile Safari/537.36"
181.4.237.77 - - [14/Dec/2022:09:47:08 -0300] "GET /static/base/img/opcion_2.png HTTP/1.1" 200 4299531 "http://codoacodo.ddns.net:55005/static/base/style.css" "Mozilla/5.0 (Linux; Android 12; SM-A525M) AppleWebKit/537.36 (KHTML, like Gecko) Chrome/108.0.0.0 Mobile Safari/537.36"
181.4.237.77 - - [14/Dec/2022:09:47:10 -0300] "GET /favicon.ico HTTP/1.1" 404 502 "http://codoacodo.ddns.net:55005/" "Mozilla/5.0 (Linux; Android 12; SM-A525M) AppleWebKit/537.36 (KHTML, like Gecko) Chrome/108.0.0.0 Mobile Safari/537.36"
181.4.237.77 - - [14/Dec/2022:09:47:59 -0300] "-" 408 0 "-" "-"
201.212.223.221 - - [14/Dec/2022:09:49:18 -0300] "GET /dashboard/ HTTP/1.1" 200 2489 "http://codoacodo.ddns.net:55005/dashboard/JoseLuis/" "Mozilla/5.0 (Windows NT 10.0; Win64; x64) AppleWebKit/537.36 (KHTML, like Gecko) Chrome/108.0.0.0 Safari/537.36"
201.212.223.221 - - [14/Dec/2022:09:49:20 -0300] "GET /accounts/profile/ HTTP/1.1" 200 3374 "http://codoacodo.ddns.net:55005/dashboard/" "Mozilla/5.0 (Windows NT 10.0; Win64; x64) AppleWebKit/537.36 (KHTML, like Gecko) Chrome/108.0.0.0 Safari/537.36"
201.212.223.221 - - [14/Dec/2022:09:49:20 -0300] "GET /media/pictures/HecJ.jpg HTTP/1.1" 304 249 "http://codoacodo.ddns.net:55005/accounts/profile/" "Mozilla/5.0 (Windows NT 10.0; Win64; x64) AppleWebKit/537.36 (KHTML, like Gecko) Chrome/108.0.0.0 Safari/537.36"
192.168.0.150 - - [14/Dec/2022:09:49:32 -0300] "GET /dashboard/luis/ HTTP/1.1" 200 2771 "http://192.168.0.103/dashboard/?page=5" "Mozilla/5.0 (Windows NT 10.0; Win64; x64) AppleWebKit/537.36 (KHTML, like Gecko) Chrome/108.0.0.0 Safari/537.36"
192.168.0.150 - - [14/Dec/2022:09:49:34 -0300] "GET /accounts/profile/ HTTP/1.1" 200 3448 "http://192.168.0.103/dashboard/luis/" "Mozilla/5.0 (Windows NT 10.0; Win64; x64) AppleWebKit/537.36 (KHTML, like Gecko) Chrome/108.0.0.0 Safari/537.36"
192.168.0.150 - - [14/Dec/2022:09:49:47 -0300] "POST /accounts/profile/ HTTP/1.1" 302 377 "http://192.168.0.103/accounts/profile/" "Mozilla/5.0 (Windows NT 10.0; Win64; x64) AppleWebKit/537.36 (KHTML, like Gecko) Chrome/108.0.0.0 Safari/537.36"
192.168.0.150 - - [14/Dec/2022:09:49:47 -0300] "GET /accounts/profile/ HTTP/1.1" 200 3454 "http://192.168.0.103/accounts/profile/" "Mozilla/5.0 (Windows NT 10.0; Win64; x64) AppleWebKit/537.36 (KHTML, like Gecko) Chrome/108.0.0.0 Safari/537.36"
192.168.0.150 - - [14/Dec/2022:09:49:51 -0300] "GET /dashboard/ HTTP/1.1" 200 2488 "http://192.168.0.103/accounts/profile/" "Mozilla/5.0 (Windows NT 10.0; Win64; x64) AppleWebKit/537.36 (KHTML, like Gecko) Chrome/108.0.0.0 Safari/537.36"
192.168.0.150 - - [14/Dec/2022:09:49:52 -0300] "GET /dashboard/?page=4 HTTP/1.1" 200 2426 "http://192.168.0.103/dashboard/" "Mozilla/5.0 (Windows NT 10.0; Win64; x64) AppleWebKit/537.36 (KHTML, like Gecko) Chrome/108.0.0.0 Safari/537.36"
192.168.0.150 - - [14/Dec/2022:09:49:54 -0300] "GET /dashboard/?page=5 HTTP/1.1" 200 2447 "http://192.168.0.103/dashboard/?page=4" "Mozilla/5.0 (Windows NT 10.0; Win64; x64) AppleWebKit/537.36 (KHTML, like Gecko) Chrome/108.0.0.0 Safari/537.36"
192.168.0.150 - - [14/Dec/2022:09:49:56 -0300] "GET /dashboard/luis/ HTTP/1.1" 200 2773 "http://192.168.0.103/dashboard/?page=5" "Mozilla/5.0 (Windows NT 10.0; Win64; x64) AppleWebKit/537.36 (KHTML, like Gecko) Chrome/108.0.0.0 Safari/537.36"
201.212.223.221 - - [14/Dec/2022:09:50:09 -0300] "-" 408 0 "-" "-"
192.168.0.150 - - [14/Dec/2022:09:53:09 -0300] "GET /dashboard/?page=4 HTTP/1.1" 200 2427 "http://192.168.0.103/dashboard/" "Mozilla/5.0 (Windows NT 10.0; Win64; x64) AppleWebKit/537.36 (KHTML, like Gecko) Chrome/108.0.0.0 Safari/537.36"
192.168.0.150 - - [14/Dec/2022:09:53:10 -0300] "GET /dashboard/?page=5 HTTP/1.1" 200 2447 "http://192.168.0.103/dashboard/?page=4" "Mozilla/5.0 (Windows NT 10.0; Win64; x64) AppleWebKit/537.36 (KHTML, like Gecko) Chrome/108.0.0.0 Safari/537.36"
192.168.0.150 - - [14/Dec/2022:09:53:11 -0300] "GET /dashboard/?page=4 HTTP/1.1" 200 2426 "http://192.168.0.103/dashboard/?page=5" "Mozilla/5.0 (Windows NT 10.0; Win64; x64) AppleWebKit/537.36 (KHTML, like Gecko) Chrome/108.0.0.0 Safari/537.36"
192.168.0.150 - - [14/Dec/2022:09:53:13 -0300] "GET /dashboard/leo/ HTTP/1.1" 200 2676 "http://192.168.0.103/dashboard/?page=4" "Mozilla/5.0 (Windows NT 10.0; Win64; x64) AppleWebKit/537.36 (KHTML, like Gecko) Chrome/108.0.0.0 Safari/537.36"
192.168.0.150 - - [14/Dec/2022:09:53:16 -0300] "GET /dashboard/leo/ HTTP/1.1" 200 2675 "-" "Mozilla/5.0 (Windows NT 10.0; Win64; x64) AppleWebKit/537.36 (KHTML, like Gecko) Chrome/108.0.0.0 Safari/537.36"
192.168.0.150 - - [14/Dec/2022:09:53:29 -0300] "GET /dashboard/leo/ HTTP/1.1" 200 2676 "-" "Mozilla/5.0 (Windows NT 10.0; Win64; x64) AppleWebKit/537.36 (KHTML, like Gecko) Chrome/108.0.0.0 Safari/537.36"
192.168.0.150 - - [14/Dec/2022:09:53:30 -0300] "GET /dashboard/leo/ HTTP/1.1" 200 2674 "-" "Mozilla/5.0 (Windows NT 10.0; Win64; x64) AppleWebKit/537.36 (KHTML, like Gecko) Chrome/108.0.0.0 Safari/537.36"
192.168.0.150 - - [14/Dec/2022:09:53:41 -0300] "GET /dashboard/leo/ HTTP/1.1" 200 2678 "-" "Mozilla/5.0 (Windows NT 10.0; Win64; x64) AppleWebKit/537.36 (KHTML, like Gecko) Chrome/108.0.0.0 Safari/537.36"
192.168.0.150 - - [14/Dec/2022:09:53:44 -0300] "GET /dashboard/leo/ HTTP/1.1" 200 2676 "-" "Mozilla/5.0 (Windows NT 10.0; Win64; x64) AppleWebKit/537.36 (KHTML, like Gecko) Chrome/108.0.0.0 Safari/537.36"
192.168.0.150 - - [14/Dec/2022:09:53:46 -0300] "GET /dashboard/leo/ HTTP/1.1" 200 2676 "-" "Mozilla/5.0 (Windows NT 10.0; Win64; x64) AppleWebKit/537.36 (KHTML, like Gecko) Chrome/108.0.0.0 Safari/537.36"
192.168.0.150 - - [14/Dec/2022:09:54:16 -0300] "GET /dashboard/leo/ HTTP/1.1" 200 2672 "-" "Mozilla/5.0 (Windows NT 10.0; Win64; x64) AppleWebKit/537.36 (KHTML, like Gecko) Chrome/108.0.0.0 Safari/537.36"
192.168.0.150 - - [14/Dec/2022:09:58:37 -0300] "GET /dashboard/leo/ HTTP/1.1" 200 2688 "-" "Mozilla/5.0 (Windows NT 10.0; Win64; x64) AppleWebKit/537.36 (KHTML, like Gecko) Chrome/108.0.0.0 Safari/537.36"
192.168.0.150 - - [14/Dec/2022:09:58:41 -0300] "GET /dashboard/ HTTP/1.1" 200 2488 "http://192.168.0.103/dashboard/leo/" "Mozilla/5.0 (Windows NT 10.0; Win64; x64) AppleWebKit/537.36 (KHTML, like Gecko) Chrome/108.0.0.0 Safari/537.36"
192.168.0.150 - - [14/Dec/2022:09:58:43 -0300] "GET /dashboard/?page=5 HTTP/1.1" 200 2447 "http://192.168.0.103/dashboard/" "Mozilla/5.0 (Windows NT 10.0; Win64; x64) AppleWebKit/537.36 (KHTML, like Gecko) Chrome/108.0.0.0 Safari/537.36"
192.168.0.150 - - [14/Dec/2022:09:58:44 -0300] "GET /dashboard/luis/ HTTP/1.1" 200 2789 "http://192.168.0.103/dashboard/?page=5" "Mozilla/5.0 (Windows NT 10.0; Win64; x64) AppleWebKit/537.36 (KHTML, like Gecko) Chrome/108.0.0.0 Safari/537.36"
192.168.0.150 - - [14/Dec/2022:09:58:50 -0300] "GET /dashboard/ HTTP/1.1" 200 2489 "http://192.168.0.103/dashboard/luis/" "Mozilla/5.0 (Windows NT 10.0; Win64; x64) AppleWebKit/537.36 (KHTML, like Gecko) Chrome/108.0.0.0 Safari/537.36"
192.168.0.150 - - [14/Dec/2022:09:58:53 -0300] "GET /dashboard/?page=5 HTTP/1.1" 200 2447 "http://192.168.0.103/dashboard/" "Mozilla/5.0 (Windows NT 10.0; Win64; x64) AppleWebKit/537.36 (KHTML, like Gecko) Chrome/108.0.0.0 Safari/537.36"
192.168.0.150 - - [14/Dec/2022:09:59:25 -0300] "GET /dashboard/luis/ HTTP/1.1" 200 2788 "http://192.168.0.103/dashboard/?page=5" "Mozilla/5.0 (Windows NT 10.0; Win64; x64) AppleWebKit/537.36 (KHTML, like Gecko) Chrome/108.0.0.0 Safari/537.36"
