192.168.0.150 - - [14/Dec/2022:00:30:33 -0300] "GET /static/base/img/opcion_2.png HTTP/1.1" 200 4299531 "http://192.168.0.103/static/base/style.css" "Mozilla/5.0 (Windows NT 10.0; Win64; x64) AppleWebKit/537.36 (KHTML, like Gecko) Chrome/108.0.0.0 Safari/537.36"
181.166.147.105 - - [14/Dec/2022:00:30:34 -0300] "GET / HTTP/1.1" 200 2065 "-" "Mozilla/5.0 (X11; Linux x86_64) AppleWebKit/537.36 (KHTML, like Gecko) Chrome/107.0.0.0 Safari/537.36"
181.166.147.105 - - [14/Dec/2022:00:30:36 -0300] "GET /accounts/login/ HTTP/1.1" 200 2697 "http://codoacodo.ddns.net:55005/" "Mozilla/5.0 (X11; Linux x86_64) AppleWebKit/537.36 (KHTML, like Gecko) Chrome/107.0.0.0 Safari/537.36"
181.166.147.105 - - [14/Dec/2022:00:30:37 -0300] "GET /accounts/signup/ HTTP/1.1" 200 2871 "http://codoacodo.ddns.net:55005/accounts/login/" "Mozilla/5.0 (X11; Linux x86_64) AppleWebKit/537.36 (KHTML, like Gecko) Chrome/107.0.0.0 Safari/537.36"
181.166.147.105 - - [14/Dec/2022:00:30:38 -0300] "GET /accounts/login/ HTTP/1.1" 200 2698 "http://codoacodo.ddns.net:55005/accounts/signup/" "Mozilla/5.0 (X11; Linux x86_64) AppleWebKit/537.36 (KHTML, like Gecko) Chrome/107.0.0.0 Safari/537.36"
181.166.147.105 - - [14/Dec/2022:00:32:32 -0300] "-" 408 0 "-" "-"
181.166.147.105 - - [14/Dec/2022:00:34:41 -0300] "GET / HTTP/1.1" 200 2065 "http://codoacodo.ddns.net:55005/accounts/signup/" "Mozilla/5.0 (X11; Linux x86_64) AppleWebKit/537.36 (KHTML, like Gecko) Chrome/107.0.0.0 Safari/537.36"
181.166.147.105 - - [14/Dec/2022:00:34:42 -0300] "GET /static/base/style.css HTTP/1.1" 200 1040 "http://codoacodo.ddns.net:55005/" "Mozilla/5.0 (X11; Linux x86_64) AppleWebKit/537.36 (KHTML, like Gecko) Chrome/107.0.0.0 Safari/537.36"
181.166.147.105 - - [14/Dec/2022:00:34:42 -0300] "GET /static/base/img/opcion_2.png HTTP/1.1" 304 251 "http://codoacodo.ddns.net:55005/static/base/style.css" "Mozilla/5.0 (X11; Linux x86_64) AppleWebKit/537.36 (KHTML, like Gecko) Chrome/107.0.0.0 Safari/537.36"
192.168.0.150 - - [14/Dec/2022:00:35:22 -0300] "GET / HTTP/1.1" 200 2065 "-" "Mozilla/5.0 (Windows NT 10.0; Win64; x64) AppleWebKit/537.36 (KHTML, like Gecko) Chrome/108.0.0.0 Safari/537.36"
192.168.0.150 - - [14/Dec/2022:00:35:22 -0300] "GET /static/base/style.css HTTP/1.1" 200 1040 "http://192.168.0.103/" "Mozilla/5.0 (Windows NT 10.0; Win64; x64) AppleWebKit/537.36 (KHTML, like Gecko) Chrome/108.0.0.0 Safari/537.36"
192.168.0.150 - - [14/Dec/2022:00:35:22 -0300] "GET /static/base/img/opcion_2.png HTTP/1.1" 304 251 "http://192.168.0.103/static/base/style.css" "Mozilla/5.0 (Windows NT 10.0; Win64; x64) AppleWebKit/537.36 (KHTML, like Gecko) Chrome/108.0.0.0 Safari/537.36"
192.168.0.150 - - [14/Dec/2022:00:35:24 -0300] "GET /accounts/login/ HTTP/1.1" 200 2701 "http://192.168.0.103/" "Mozilla/5.0 (Windows NT 10.0; Win64; x64) AppleWebKit/537.36 (KHTML, like Gecko) Chrome/108.0.0.0 Safari/537.36"
192.168.0.150 - - [14/Dec/2022:00:35:27 -0300] "GET /accounts/signup/ HTTP/1.1" 200 2872 "http://192.168.0.103/" "Mozilla/5.0 (Windows NT 10.0; Win64; x64) AppleWebKit/537.36 (KHTML, like Gecko) Chrome/108.0.0.0 Safari/537.36"
181.166.147.105 - - [14/Dec/2022:00:35:30 -0300] "GET / HTTP/1.1" 200 2065 "http://codoacodo.ddns.net:55005/" "Mozilla/5.0 (X11; Linux x86_64) AppleWebKit/537.36 (KHTML, like Gecko) Chrome/107.0.0.0 Safari/537.36"
181.166.147.105 - - [14/Dec/2022:00:35:32 -0300] "GET /accounts/login/ HTTP/1.1" 200 2700 "http://codoacodo.ddns.net:55005/" "Mozilla/5.0 (X11; Linux x86_64) AppleWebKit/537.36 (KHTML, like Gecko) Chrome/107.0.0.0 Safari/537.36"
181.166.147.105 - - [14/Dec/2022:00:36:34 -0300] "-" 408 0 "-" "-"
181.166.147.105 - - [14/Dec/2022:00:39:21 -0300] "GET /accounts/login/ HTTP/1.1" 200 2701 "http://codoacodo.ddns.net:55005/" "Mozilla/5.0 (X11; Linux x86_64) AppleWebKit/537.36 (KHTML, like Gecko) Chrome/107.0.0.0 Safari/537.36"
181.166.147.105 - - [14/Dec/2022:00:39:22 -0300] "GET /static/base/style.css HTTP/1.1" 200 1040 "http://codoacodo.ddns.net:55005/accounts/login/" "Mozilla/5.0 (X11; Linux x86_64) AppleWebKit/537.36 (KHTML, like Gecko) Chrome/107.0.0.0 Safari/537.36"
181.166.147.105 - - [14/Dec/2022:00:39:22 -0300] "GET /static/base/img/opcion_2.png HTTP/1.1" 304 251 "http://codoacodo.ddns.net:55005/static/base/style.css" "Mozilla/5.0 (X11; Linux x86_64) AppleWebKit/537.36 (KHTML, like Gecko) Chrome/107.0.0.0 Safari/537.36"
181.166.147.105 - - [14/Dec/2022:00:39:32 -0300] "POST /accounts/login/ HTTP/1.1" 200 2746 "http://codoacodo.ddns.net:55005/accounts/login/" "Mozilla/5.0 (X11; Linux x86_64) AppleWebKit/537.36 (KHTML, like Gecko) Chrome/107.0.0.0 Safari/537.36"
181.166.147.105 - - [14/Dec/2022:00:39:41 -0300] "GET /accounts/signup/ HTTP/1.1" 200 2872 "http://codoacodo.ddns.net:55005/accounts/login/" "Mozilla/5.0 (X11; Linux x86_64) AppleWebKit/537.36 (KHTML, like Gecko) Chrome/107.0.0.0 Safari/537.36"
181.166.147.105 - - [14/Dec/2022:00:39:54 -0300] "POST /accounts/signup/ HTTP/1.1" 500 458 "http://codoacodo.ddns.net:55005/accounts/signup/" "Mozilla/5.0 (X11; Linux x86_64) AppleWebKit/537.36 (KHTML, like Gecko) Chrome/107.0.0.0 Safari/537.36"
181.166.147.105 - - [14/Dec/2022:00:40:25 -0300] "GET / HTTP/1.1" 200 2065 "http://codoacodo.ddns.net:55005/accounts/signup/" "Mozilla/5.0 (X11; Linux x86_64) AppleWebKit/537.36 (KHTML, like Gecko) Chrome/107.0.0.0 Safari/537.36"
181.166.147.105 - - [14/Dec/2022:00:40:27 -0300] "GET /accounts/signup/ HTTP/1.1" 200 2874 "http://codoacodo.ddns.net:55005/" "Mozilla/5.0 (X11; Linux x86_64) AppleWebKit/537.36 (KHTML, like Gecko) Chrome/107.0.0.0 Safari/537.36"
181.166.147.105 - - [14/Dec/2022:00:41:32 -0300] "-" 408 0 "-" "-"
181.166.147.105 - - [14/Dec/2022:00:41:34 -0300] "-" 408 0 "-" "-"
181.166.147.105 - - [14/Dec/2022:00:43:06 -0300] "GET /perfil HTTP/1.1" 404 503 "-" "Mozilla/5.0 (X11; Linux x86_64) AppleWebKit/537.36 (KHTML, like Gecko) Chrome/107.0.0.0 Safari/537.36"
181.166.147.105 - - [14/Dec/2022:00:43:12 -0300] "GET /accounts/login/ HTTP/1.1" 200 2701 "http://codoacodo.ddns.net:55005/accounts/signup/" "Mozilla/5.0 (X11; Linux x86_64) AppleWebKit/537.36 (KHTML, like Gecko) Chrome/107.0.0.0 Safari/537.36"
181.166.147.105 - - [14/Dec/2022:00:43:15 -0300] "GET /accounts/signup/ HTTP/1.1" 200 2874 "http://codoacodo.ddns.net:55005/accounts/login/" "Mozilla/5.0 (X11; Linux x86_64) AppleWebKit/537.36 (KHTML, like Gecko) Chrome/107.0.0.0 Safari/537.36"
181.166.147.105 - - [14/Dec/2022:00:43:22 -0300] "POST /accounts/signup/ HTTP/1.1" 500 458 "http://codoacodo.ddns.net:55005/accounts/signup/" "Mozilla/5.0 (X11; Linux x86_64) AppleWebKit/537.36 (KHTML, like Gecko) Chrome/107.0.0.0 Safari/537.36"
181.166.147.105 - - [14/Dec/2022:00:43:37 -0300] "GET /accounts/login/ HTTP/1.1" 200 2699 "-" "Mozilla/5.0 (X11; Linux x86_64) AppleWebKit/537.36 (KHTML, like Gecko) Chrome/107.0.0.0 Safari/537.36"
181.166.147.105 - - [14/Dec/2022:00:43:39 -0300] "GET /accounts/password_reset/ HTTP/1.1" 200 2546 "http://codoacodo.ddns.net:55005/accounts/login/" "Mozilla/5.0 (X11; Linux x86_64) AppleWebKit/537.36 (KHTML, like Gecko) Chrome/107.0.0.0 Safari/537.36"
181.166.147.105 - - [14/Dec/2022:00:44:33 -0300] "GET / HTTP/1.1" 200 2065 "-" "Mozilla/5.0 (X11; Linux x86_64) AppleWebKit/537.36 (KHTML, like Gecko) Chrome/107.0.0.0 Safari/537.36"
181.166.147.105 - - [14/Dec/2022:00:44:33 -0300] "GET /static/base/style.css HTTP/1.1" 200 1040 "http://codoacodo.ddns.net:55005/" "Mozilla/5.0 (X11; Linux x86_64) AppleWebKit/537.36 (KHTML, like Gecko) Chrome/107.0.0.0 Safari/537.36"
181.166.147.105 - - [14/Dec/2022:00:44:33 -0300] "GET /static/base/img/opcion_2.png HTTP/1.1" 304 251 "http://codoacodo.ddns.net:55005/static/base/style.css" "Mozilla/5.0 (X11; Linux x86_64) AppleWebKit/537.36 (KHTML, like Gecko) Chrome/107.0.0.0 Safari/537.36"
181.166.147.105 - - [14/Dec/2022:00:44:37 -0300] "GET /accounts/signup/ HTTP/1.1" 200 2875 "http://codoacodo.ddns.net:55005/" "Mozilla/5.0 (X11; Linux x86_64) AppleWebKit/537.36 (KHTML, like Gecko) Chrome/107.0.0.0 Safari/537.36"
181.166.147.105 - - [14/Dec/2022:00:45:30 -0300] "GET / HTTP/1.1" 200 2065 "http://codoacodo.ddns.net:55005/accounts/signup/" "Mozilla/5.0 (X11; Linux x86_64) AppleWebKit/537.36 (KHTML, like Gecko) Chrome/107.0.0.0 Safari/537.36"
181.166.147.105 - - [14/Dec/2022:00:45:31 -0300] "GET /accounts/login/ HTTP/1.1" 200 2700 "http://codoacodo.ddns.net:55005/" "Mozilla/5.0 (X11; Linux x86_64) AppleWebKit/537.36 (KHTML, like Gecko) Chrome/107.0.0.0 Safari/537.36"
181.166.147.105 - - [14/Dec/2022:00:46:44 -0300] "GET / HTTP/1.1" 200 2065 "-" "Mozilla/5.0 (X11; Linux x86_64) AppleWebKit/537.36 (KHTML, like Gecko) Chrome/107.0.0.0 Safari/537.36"
181.166.147.105 - - [14/Dec/2022:00:46:47 -0300] "GET /accounts/login/ HTTP/1.1" 200 2699 "http://codoacodo.ddns.net:55005/" "Mozilla/5.0 (X11; Linux x86_64) AppleWebKit/537.36 (KHTML, like Gecko) Chrome/107.0.0.0 Safari/537.36"
181.166.147.105 - - [14/Dec/2022:00:48:07 -0300] "GET / HTTP/1.1" 200 2065 "-" "Mozilla/5.0 (X11; Linux x86_64) AppleWebKit/537.36 (KHTML, like Gecko) Chrome/107.0.0.0 Safari/537.36"
181.166.147.105 - - [14/Dec/2022:00:48:10 -0300] "GET /accounts/signup/ HTTP/1.1" 200 2874 "http://codoacodo.ddns.net:55005/" "Mozilla/5.0 (X11; Linux x86_64) AppleWebKit/537.36 (KHTML, like Gecko) Chrome/107.0.0.0 Safari/537.36"
181.166.147.105 - - [14/Dec/2022:00:49:35 -0300] "-" 408 0 "-" "-"
181.166.147.105 - - [14/Dec/2022:00:48:44 -0300] "POST /accounts/signup/ HTTP/1.1" 504 557 "http://codoacodo.ddns.net:55005/accounts/signup/" "Mozilla/5.0 (X11; Linux x86_64) AppleWebKit/537.36 (KHTML, like Gecko) Chrome/107.0.0.0 Safari/537.36"
192.168.0.150 - - [14/Dec/2022:00:55:25 -0300] "GET /accounts/signup/ HTTP/1.1" 200 2876 "-" "Mozilla/5.0 (Windows NT 10.0; Win64; x64) AppleWebKit/537.36 (KHTML, like Gecko) Chrome/108.0.0.0 Safari/537.36"
192.168.0.150 - - [14/Dec/2022:00:55:25 -0300] "GET /static/base/style.css HTTP/1.1" 200 1040 "http://192.168.0.103/accounts/signup/" "Mozilla/5.0 (Windows NT 10.0; Win64; x64) AppleWebKit/537.36 (KHTML, like Gecko) Chrome/108.0.0.0 Safari/537.36"
192.168.0.150 - - [14/Dec/2022:00:55:26 -0300] "GET /static/base/img/opcion_2.png HTTP/1.1" 304 251 "http://192.168.0.103/static/base/style.css" "Mozilla/5.0 (Windows NT 10.0; Win64; x64) AppleWebKit/537.36 (KHTML, like Gecko) Chrome/108.0.0.0 Safari/537.36"
192.168.0.150 - - [14/Dec/2022:00:55:35 -0300] "POST /accounts/signup/ HTTP/1.1" 200 2961 "http://192.168.0.103/accounts/signup/" "Mozilla/5.0 (Windows NT 10.0; Win64; x64) AppleWebKit/537.36 (KHTML, like Gecko) Chrome/108.0.0.0 Safari/537.36"
192.168.0.150 - - [14/Dec/2022:00:55:48 -0300] "POST /accounts/signup/ HTTP/1.1" 200 2949 "http://192.168.0.103/accounts/signup/" "Mozilla/5.0 (Windows NT 10.0; Win64; x64) AppleWebKit/537.36 (KHTML, like Gecko) Chrome/108.0.0.0 Safari/537.36"
192.168.0.150 - - [14/Dec/2022:00:56:02 -0300] "POST /accounts/signup/ HTTP/1.1" 302 370 "http://192.168.0.103/accounts/signup/" "Mozilla/5.0 (Windows NT 10.0; Win64; x64) AppleWebKit/537.36 (KHTML, like Gecko) Chrome/108.0.0.0 Safari/537.36"
192.168.0.150 - - [14/Dec/2022:00:56:02 -0300] "GET /accounts/login/?register HTTP/1.1" 200 2754 "http://192.168.0.103/accounts/signup/" "Mozilla/5.0 (Windows NT 10.0; Win64; x64) AppleWebKit/537.36 (KHTML, like Gecko) Chrome/108.0.0.0 Safari/537.36"
181.166.147.105 - - [14/Dec/2022:00:56:05 -0300] "GET / HTTP/1.1" 200 2065 "-" "Mozilla/5.0 (X11; Linux x86_64) AppleWebKit/537.36 (KHTML, like Gecko) Chrome/107.0.0.0 Safari/537.36"
181.166.147.105 - - [14/Dec/2022:00:56:05 -0300] "GET /static/base/style.css HTTP/1.1" 200 1040 "http://codoacodo.ddns.net:55005/" "Mozilla/5.0 (X11; Linux x86_64) AppleWebKit/537.36 (KHTML, like Gecko) Chrome/107.0.0.0 Safari/537.36"
181.166.147.105 - - [14/Dec/2022:00:56:05 -0300] "GET /static/base/img/opcion_2.png HTTP/1.1" 304 251 "http://codoacodo.ddns.net:55005/static/base/style.css" "Mozilla/5.0 (X11; Linux x86_64) AppleWebKit/537.36 (KHTML, like Gecko) Chrome/107.0.0.0 Safari/537.36"
181.166.147.105 - - [14/Dec/2022:00:56:07 -0300] "GET /accounts/signup/ HTTP/1.1" 200 2872 "http://codoacodo.ddns.net:55005/" "Mozilla/5.0 (X11; Linux x86_64) AppleWebKit/537.36 (KHTML, like Gecko) Chrome/107.0.0.0 Safari/537.36"
192.168.0.150 - - [14/Dec/2022:00:56:13 -0300] "GET /accounts/login/?register HTTP/1.1" 200 2754 "http://192.168.0.103/accounts/signup/" "Mozilla/5.0 (Windows NT 10.0; Win64; x64) AppleWebKit/537.36 (KHTML, like Gecko) Chrome/108.0.0.0 Safari/537.36"
192.168.0.150 - - [14/Dec/2022:00:56:17 -0300] "POST /accounts/login/?register HTTP/1.1" 302 799 "http://192.168.0.103/accounts/login/?register" "Mozilla/5.0 (Windows NT 10.0; Win64; x64) AppleWebKit/537.36 (KHTML, like Gecko) Chrome/108.0.0.0 Safari/537.36"
192.168.0.150 - - [14/Dec/2022:00:56:17 -0300] "GET /accounts/profile/ HTTP/1.1" 200 3173 "http://192.168.0.103/accounts/login/?register" "Mozilla/5.0 (Windows NT 10.0; Win64; x64) AppleWebKit/537.36 (KHTML, like Gecko) Chrome/108.0.0.0 Safari/537.36"
192.168.0.150 - - [14/Dec/2022:00:56:17 -0300] "GET /static/registration/img/no-avatar.png HTTP/1.1" 200 9356 "http://192.168.0.103/accounts/profile/" "Mozilla/5.0 (Windows NT 10.0; Win64; x64) AppleWebKit/537.36 (KHTML, like Gecko) Chrome/108.0.0.0 Safari/537.36"
192.168.0.150 - - [14/Dec/2022:00:56:17 -0300] "GET /static/registration/img/logoMatch.jpg HTTP/1.1" 200 27693 "http://192.168.0.103/accounts/profile/" "Mozilla/5.0 (Windows NT 10.0; Win64; x64) AppleWebKit/537.36 (KHTML, like Gecko) Chrome/108.0.0.0 Safari/537.36"
181.166.147.105 - - [14/Dec/2022:00:56:21 -0300] "POST /accounts/signup/ HTTP/1.1" 302 370 "http://codoacodo.ddns.net:55005/accounts/signup/" "Mozilla/5.0 (X11; Linux x86_64) AppleWebKit/537.36 (KHTML, like Gecko) Chrome/107.0.0.0 Safari/537.36"
181.166.147.105 - - [14/Dec/2022:00:56:21 -0300] "GET /accounts/login/?register HTTP/1.1" 200 2753 "http://codoacodo.ddns.net:55005/accounts/signup/" "Mozilla/5.0 (X11; Linux x86_64) AppleWebKit/537.36 (KHTML, like Gecko) Chrome/107.0.0.0 Safari/537.36"
181.166.147.105 - - [14/Dec/2022:00:56:30 -0300] "POST /accounts/login/?register HTTP/1.1" 302 800 "http://codoacodo.ddns.net:55005/accounts/login/?register" "Mozilla/5.0 (X11; Linux x86_64) AppleWebKit/537.36 (KHTML, like Gecko) Chrome/107.0.0.0 Safari/537.36"
181.166.147.105 - - [14/Dec/2022:00:56:30 -0300] "GET /accounts/profile/ HTTP/1.1" 200 3175 "http://codoacodo.ddns.net:55005/accounts/login/?register" "Mozilla/5.0 (X11; Linux x86_64) AppleWebKit/537.36 (KHTML, like Gecko) Chrome/107.0.0.0 Safari/537.36"
181.166.147.105 - - [14/Dec/2022:00:56:30 -0300] "GET /static/registration/img/no-avatar.png HTTP/1.1" 200 9356 "http://codoacodo.ddns.net:55005/accounts/profile/" "Mozilla/5.0 (X11; Linux x86_64) AppleWebKit/537.36 (KHTML, like Gecko) Chrome/107.0.0.0 Safari/537.36"
181.166.147.105 - - [14/Dec/2022:00:56:30 -0300] "GET /static/registration/img/logoMatch.jpg HTTP/1.1" 200 27693 "http://codoacodo.ddns.net:55005/accounts/profile/" "Mozilla/5.0 (X11; Linux x86_64) AppleWebKit/537.36 (KHTML, like Gecko) Chrome/107.0.0.0 Safari/537.36"
181.166.147.105 - - [14/Dec/2022:00:57:24 -0300] "POST /accounts/profile/ HTTP/1.1" 302 377 "http://codoacodo.ddns.net:55005/accounts/profile/" "Mozilla/5.0 (X11; Linux x86_64) AppleWebKit/537.36 (KHTML, like Gecko) Chrome/107.0.0.0 Safari/537.36"
181.166.147.105 - - [14/Dec/2022:00:57:24 -0300] "GET /accounts/profile/ HTTP/1.1" 200 3320 "http://codoacodo.ddns.net:55005/accounts/profile/" "Mozilla/5.0 (X11; Linux x86_64) AppleWebKit/537.36 (KHTML, like Gecko) Chrome/107.0.0.0 Safari/537.36"
181.166.147.105 - - [14/Dec/2022:00:57:25 -0300] "GET /media/pictures/AvatarMaker_w2ceGCj.png HTTP/1.1" 200 52104 "http://codoacodo.ddns.net:55005/accounts/profile/" "Mozilla/5.0 (X11; Linux x86_64) AppleWebKit/537.36 (KHTML, like Gecko) Chrome/107.0.0.0 Safari/537.36"
181.166.147.105 - - [14/Dec/2022:00:57:27 -0300] "GET /dashboard/ HTTP/1.1" 200 2400 "http://codoacodo.ddns.net:55005/accounts/profile/" "Mozilla/5.0 (X11; Linux x86_64) AppleWebKit/537.36 (KHTML, like Gecko) Chrome/107.0.0.0 Safari/537.36"
181.166.147.105 - - [14/Dec/2022:00:57:33 -0300] "GET /dashboard/?page=2 HTTP/1.1" 200 2418 "http://codoacodo.ddns.net:55005/dashboard/" "Mozilla/5.0 (X11; Linux x86_64) AppleWebKit/537.36 (KHTML, like Gecko) Chrome/107.0.0.0 Safari/537.36"
181.166.147.105 - - [14/Dec/2022:00:57:33 -0300] "GET /media/pictures/AvatarMaker_w2ceGCj.png HTTP/1.1" 304 249 "http://codoacodo.ddns.net:55005/dashboard/?page=2" "Mozilla/5.0 (X11; Linux x86_64) AppleWebKit/537.36 (KHTML, like Gecko) Chrome/107.0.0.0 Safari/537.36"
181.166.147.105 - - [14/Dec/2022:00:57:34 -0300] "GET /dashboard/jorge/ HTTP/1.1" 200 2689 "http://codoacodo.ddns.net:55005/dashboard/?page=2" "Mozilla/5.0 (X11; Linux x86_64) AppleWebKit/537.36 (KHTML, like Gecko) Chrome/107.0.0.0 Safari/537.36"
181.166.147.105 - - [14/Dec/2022:00:57:34 -0300] "GET /media/pictures/AvatarMaker_w2ceGCj.png HTTP/1.1" 304 249 "http://codoacodo.ddns.net:55005/dashboard/jorge/" "Mozilla/5.0 (X11; Linux x86_64) AppleWebKit/537.36 (KHTML, like Gecko) Chrome/107.0.0.0 Safari/537.36"
181.166.147.105 - - [14/Dec/2022:00:57:39 -0300] "GET /dashboard/ HTTP/1.1" 200 2400 "http://codoacodo.ddns.net:55005/dashboard/jorge/" "Mozilla/5.0 (X11; Linux x86_64) AppleWebKit/537.36 (KHTML, like Gecko) Chrome/107.0.0.0 Safari/537.36"
181.166.147.105 - - [14/Dec/2022:00:57:40 -0300] "GET /accounts/profile/ HTTP/1.1" 200 3319 "http://codoacodo.ddns.net:55005/dashboard/" "Mozilla/5.0 (X11; Linux x86_64) AppleWebKit/537.36 (KHTML, like Gecko) Chrome/107.0.0.0 Safari/537.36"
181.166.147.105 - - [14/Dec/2022:00:57:41 -0300] "GET /media/pictures/AvatarMaker_w2ceGCj.png HTTP/1.1" 304 249 "http://codoacodo.ddns.net:55005/accounts/profile/" "Mozilla/5.0 (X11; Linux x86_64) AppleWebKit/537.36 (KHTML, like Gecko) Chrome/107.0.0.0 Safari/537.36"
181.166.147.105 - - [14/Dec/2022:00:57:47 -0300] "GET /dashboard/ HTTP/1.1" 200 2401 "http://codoacodo.ddns.net:55005/accounts/profile/" "Mozilla/5.0 (X11; Linux x86_64) AppleWebKit/537.36 (KHTML, like Gecko) Chrome/107.0.0.0 Safari/537.36"
181.166.147.105 - - [14/Dec/2022:00:58:39 -0300] "-" 408 0 "-" "-"
181.166.147.105 - - [14/Dec/2022:01:03:23 -0300] "GET /accounts/profile/ HTTP/1.1" 200 3323 "http://codoacodo.ddns.net:55005/dashboard/" "Mozilla/5.0 (X11; Linux x86_64) AppleWebKit/537.36 (KHTML, like Gecko) Chrome/107.0.0.0 Safari/537.36"
181.166.147.105 - - [14/Dec/2022:01:03:23 -0300] "GET /static/base/style.css HTTP/1.1" 200 1040 "http://codoacodo.ddns.net:55005/accounts/profile/" "Mozilla/5.0 (X11; Linux x86_64) AppleWebKit/537.36 (KHTML, like Gecko) Chrome/107.0.0.0 Safari/537.36"
181.166.147.105 - - [14/Dec/2022:01:03:23 -0300] "GET /media/pictures/AvatarMaker_w2ceGCj.png HTTP/1.1" 304 250 "http://codoacodo.ddns.net:55005/accounts/profile/" "Mozilla/5.0 (X11; Linux x86_64) AppleWebKit/537.36 (KHTML, like Gecko) Chrome/107.0.0.0 Safari/537.36"
181.166.147.105 - - [14/Dec/2022:01:03:23 -0300] "GET /static/registration/img/logoMatch.jpg HTTP/1.1" 304 249 "http://codoacodo.ddns.net:55005/accounts/profile/" "Mozilla/5.0 (X11; Linux x86_64) AppleWebKit/537.36 (KHTML, like Gecko) Chrome/107.0.0.0 Safari/537.36"
181.166.147.105 - - [14/Dec/2022:01:03:23 -0300] "GET /static/base/img/opcion_2.png HTTP/1.1" 304 251 "http://codoacodo.ddns.net:55005/static/base/style.css" "Mozilla/5.0 (X11; Linux x86_64) AppleWebKit/537.36 (KHTML, like Gecko) Chrome/107.0.0.0 Safari/537.36"
181.166.147.105 - - [14/Dec/2022:01:04:15 -0300] "-" 408 0 "-" "-"
181.166.147.105 - - [14/Dec/2022:01:06:25 -0300] "GET /admin/ HTTP/1.1" 302 497 "-" "Mozilla/5.0 (X11; Linux x86_64) AppleWebKit/537.36 (KHTML, like Gecko) Chrome/107.0.0.0 Safari/537.36"
181.166.147.105 - - [14/Dec/2022:01:06:25 -0300] "GET /admin/login/?next=/admin/ HTTP/1.1" 200 1695 "-" "Mozilla/5.0 (X11; Linux x86_64) AppleWebKit/537.36 (KHTML, like Gecko) Chrome/107.0.0.0 Safari/537.36"
181.166.147.105 - - [14/Dec/2022:01:06:25 -0300] "GET /static/admin/css/base.css HTTP/1.1" 200 4942 "http://codoacodo.ddns.net:55005/admin/login/?next=/admin/" "Mozilla/5.0 (X11; Linux x86_64) AppleWebKit/537.36 (KHTML, like Gecko) Chrome/107.0.0.0 Safari/537.36"
181.166.147.105 - - [14/Dec/2022:01:06:25 -0300] "GET /static/admin/css/nav_sidebar.css HTTP/1.1" 200 1104 "http://codoacodo.ddns.net:55005/admin/login/?next=/admin/" "Mozilla/5.0 (X11; Linux x86_64) AppleWebKit/537.36 (KHTML, like Gecko) Chrome/107.0.0.0 Safari/537.36"
181.166.147.105 - - [14/Dec/2022:01:06:25 -0300] "GET /static/admin/css/login.css HTTP/1.1" 200 753 "http://codoacodo.ddns.net:55005/admin/login/?next=/admin/" "Mozilla/5.0 (X11; Linux x86_64) AppleWebKit/537.36 (KHTML, like Gecko) Chrome/107.0.0.0 Safari/537.36"
181.166.147.105 - - [14/Dec/2022:01:06:25 -0300] "GET /static/admin/css/responsive.css HTTP/1.1" 200 3876 "http://codoacodo.ddns.net:55005/admin/login/?next=/admin/" "Mozilla/5.0 (X11; Linux x86_64) AppleWebKit/537.36 (KHTML, like Gecko) Chrome/107.0.0.0 Safari/537.36"
181.166.147.105 - - [14/Dec/2022:01:06:25 -0300] "GET /static/admin/js/nav_sidebar.js HTTP/1.1" 200 1299 "http://codoacodo.ddns.net:55005/admin/login/?next=/admin/" "Mozilla/5.0 (X11; Linux x86_64) AppleWebKit/537.36 (KHTML, like Gecko) Chrome/107.0.0.0 Safari/537.36"
181.166.147.105 - - [14/Dec/2022:01:06:25 -0300] "GET /static/admin/css/fonts.css HTTP/1.1" 200 486 "http://codoacodo.ddns.net:55005/static/admin/css/base.css" "Mozilla/5.0 (X11; Linux x86_64) AppleWebKit/537.36 (KHTML, like Gecko) Chrome/107.0.0.0 Safari/537.36"
181.166.147.105 - - [14/Dec/2022:01:06:25 -0300] "GET /static/admin/fonts/Roboto-Regular-webfont.woff HTTP/1.1" 304 250 "http://codoacodo.ddns.net:55005/static/admin/css/fonts.css" "Mozilla/5.0 (X11; Linux x86_64) AppleWebKit/537.36 (KHTML, like Gecko) Chrome/107.0.0.0 Safari/537.36"
181.166.147.105 - - [14/Dec/2022:01:06:25 -0300] "GET /static/admin/fonts/Roboto-Light-webfont.woff HTTP/1.1" 304 250 "http://codoacodo.ddns.net:55005/static/admin/css/fonts.css" "Mozilla/5.0 (X11; Linux x86_64) AppleWebKit/537.36 (KHTML, like Gecko) Chrome/107.0.0.0 Safari/537.36"
181.166.147.105 - - [14/Dec/2022:01:06:25 -0300] "GET /static/admin/fonts/Roboto-Bold-webfont.woff HTTP/1.1" 200 86472 "http://codoacodo.ddns.net:55005/static/admin/css/fonts.css" "Mozilla/5.0 (X11; Linux x86_64) AppleWebKit/537.36 (KHTML, like Gecko) Chrome/107.0.0.0 Safari/537.36"
181.166.147.105 - - [14/Dec/2022:01:06:31 -0300] "POST /admin/login/?next=/admin/ HTTP/1.1" 302 789 "http://codoacodo.ddns.net:55005/admin/login/?next=/admin/" "Mozilla/5.0 (X11; Linux x86_64) AppleWebKit/537.36 (KHTML, like Gecko) Chrome/107.0.0.0 Safari/537.36"
181.166.147.105 - - [14/Dec/2022:01:06:32 -0300] "GET /admin/ HTTP/1.1" 200 1534 "http://codoacodo.ddns.net:55005/admin/login/?next=/admin/" "Mozilla/5.0 (X11; Linux x86_64) AppleWebKit/537.36 (KHTML, like Gecko) Chrome/107.0.0.0 Safari/537.36"
181.166.147.105 - - [14/Dec/2022:01:06:32 -0300] "GET /static/admin/css/dashboard.css HTTP/1.1" 200 580 "http://codoacodo.ddns.net:55005/admin/" "Mozilla/5.0 (X11; Linux x86_64) AppleWebKit/537.36 (KHTML, like Gecko) Chrome/107.0.0.0 Safari/537.36"
181.166.147.105 - - [14/Dec/2022:01:06:32 -0300] "GET /static/admin/img/icon-changelink.svg HTTP/1.1" 200 669 "http://codoacodo.ddns.net:55005/static/admin/css/base.css" "Mozilla/5.0 (X11; Linux x86_64) AppleWebKit/537.36 (KHTML, like Gecko) Chrome/107.0.0.0 Safari/537.36"
181.166.147.105 - - [14/Dec/2022:01:06:32 -0300] "GET /static/admin/img/icon-addlink.svg HTTP/1.1" 200 619 "http://codoacodo.ddns.net:55005/static/admin/css/base.css" "Mozilla/5.0 (X11; Linux x86_64) AppleWebKit/537.36 (KHTML, like Gecko) Chrome/107.0.0.0 Safari/537.36"
181.166.147.105 - - [14/Dec/2022:01:06:33 -0300] "GET /admin/auth/user/ HTTP/1.1" 200 3078 "http://codoacodo.ddns.net:55005/admin/" "Mozilla/5.0 (X11; Linux x86_64) AppleWebKit/537.36 (KHTML, like Gecko) Chrome/107.0.0.0 Safari/537.36"
181.166.147.105 - - [14/Dec/2022:01:06:34 -0300] "GET /static/admin/css/changelists.css HTTP/1.1" 200 1822 "http://codoacodo.ddns.net:55005/admin/auth/user/" "Mozilla/5.0 (X11; Linux x86_64) AppleWebKit/537.36 (KHTML, like Gecko) Chrome/107.0.0.0 Safari/537.36"
181.166.147.105 - - [14/Dec/2022:01:06:34 -0300] "GET /admin/jsi18n/ HTTP/1.1" 200 2840 "http://codoacodo.ddns.net:55005/admin/auth/user/" "Mozilla/5.0 (X11; Linux x86_64) AppleWebKit/537.36 (KHTML, like Gecko) Chrome/107.0.0.0 Safari/537.36"
181.166.147.105 - - [14/Dec/2022:01:06:34 -0300] "GET /static/admin/js/vendor/jquery/jquery.min.js HTTP/1.1" 200 31249 "http://codoacodo.ddns.net:55005/admin/auth/user/" "Mozilla/5.0 (X11; Linux x86_64) AppleWebKit/537.36 (KHTML, like Gecko) Chrome/107.0.0.0 Safari/537.36"
181.166.147.105 - - [14/Dec/2022:01:06:34 -0300] "GET /static/admin/js/jquery.init.js HTTP/1.1" 200 579 "http://codoacodo.ddns.net:55005/admin/auth/user/" "Mozilla/5.0 (X11; Linux x86_64) AppleWebKit/537.36 (KHTML, like Gecko) Chrome/107.0.0.0 Safari/537.36"
181.166.147.105 - - [14/Dec/2022:01:06:34 -0300] "GET /static/admin/js/actions.js HTTP/1.1" 200 2233 "http://codoacodo.ddns.net:55005/admin/auth/user/" "Mozilla/5.0 (X11; Linux x86_64) AppleWebKit/537.36 (KHTML, like Gecko) Chrome/107.0.0.0 Safari/537.36"
181.166.147.105 - - [14/Dec/2022:01:06:34 -0300] "GET /static/admin/js/admin/RelatedObjectLookups.js HTTP/1.1" 200 2661 "http://codoacodo.ddns.net:55005/admin/auth/user/" "Mozilla/5.0 (X11; Linux x86_64) AppleWebKit/537.36 (KHTML, like Gecko) Chrome/107.0.0.0 Safari/537.36"
181.166.147.105 - - [14/Dec/2022:01:06:34 -0300] "GET /static/admin/js/core.js HTTP/1.1" 200 1853 "http://codoacodo.ddns.net:55005/admin/auth/user/" "Mozilla/5.0 (X11; Linux x86_64) AppleWebKit/537.36 (KHTML, like Gecko) Chrome/107.0.0.0 Safari/537.36"
181.166.147.105 - - [14/Dec/2022:01:06:34 -0300] "GET /static/admin/js/urlify.js HTTP/1.1" 200 2938 "http://codoacodo.ddns.net:55005/admin/auth/user/" "Mozilla/5.0 (X11; Linux x86_64) AppleWebKit/537.36 (KHTML, like Gecko) Chrome/107.0.0.0 Safari/537.36"
181.166.147.105 - - [14/Dec/2022:01:06:34 -0300] "GET /static/admin/js/prepopulate.js HTTP/1.1" 200 878 "http://codoacodo.ddns.net:55005/admin/auth/user/" "Mozilla/5.0 (X11; Linux x86_64) AppleWebKit/537.36 (KHTML, like Gecko) Chrome/107.0.0.0 Safari/537.36"
181.166.147.105 - - [14/Dec/2022:01:06:34 -0300] "GET /static/admin/js/vendor/xregexp/xregexp.min.js HTTP/1.1" 200 38542 "http://codoacodo.ddns.net:55005/admin/auth/user/" "Mozilla/5.0 (X11; Linux x86_64) AppleWebKit/537.36 (KHTML, like Gecko) Chrome/107.0.0.0 Safari/537.36"
181.166.147.105 - - [14/Dec/2022:01:06:34 -0300] "GET /static/admin/img/search.svg HTTP/1.1" 200 746 "http://codoacodo.ddns.net:55005/admin/auth/user/" "Mozilla/5.0 (X11; Linux x86_64) AppleWebKit/537.36 (KHTML, like Gecko) Chrome/107.0.0.0 Safari/537.36"
181.166.147.105 - - [14/Dec/2022:01:06:34 -0300] "GET /static/admin/img/icon-yes.svg HTTP/1.1" 200 724 "http://codoacodo.ddns.net:55005/admin/auth/user/" "Mozilla/5.0 (X11; Linux x86_64) AppleWebKit/537.36 (KHTML, like Gecko) Chrome/107.0.0.0 Safari/537.36"
181.166.147.105 - - [14/Dec/2022:01:06:34 -0300] "GET /static/admin/img/icon-no.svg HTTP/1.1" 200 848 "http://codoacodo.ddns.net:55005/admin/auth/user/" "Mozilla/5.0 (X11; Linux x86_64) AppleWebKit/537.36 (KHTML, like Gecko) Chrome/107.0.0.0 Safari/537.36"
181.166.147.105 - - [14/Dec/2022:01:06:34 -0300] "GET /static/admin/img/tooltag-add.svg HTTP/1.1" 200 619 "http://codoacodo.ddns.net:55005/static/admin/css/base.css" "Mozilla/5.0 (X11; Linux x86_64) AppleWebKit/537.36 (KHTML, like Gecko) Chrome/107.0.0.0 Safari/537.36"
181.166.147.105 - - [14/Dec/2022:01:06:34 -0300] "GET /static/admin/img/sorting-icons.svg HTTP/1.1" 200 1386 "http://codoacodo.ddns.net:55005/static/admin/css/base.css" "Mozilla/5.0 (X11; Linux x86_64) AppleWebKit/537.36 (KHTML, like Gecko) Chrome/107.0.0.0 Safari/537.36"
181.166.147.105 - - [14/Dec/2022:01:06:51 -0300] "POST /admin/auth/user/ HTTP/1.1" 200 2344 "http://codoacodo.ddns.net:55005/admin/auth/user/" "Mozilla/5.0 (X11; Linux x86_64) AppleWebKit/537.36 (KHTML, like Gecko) Chrome/107.0.0.0 Safari/537.36"
181.166.147.105 - - [14/Dec/2022:01:06:51 -0300] "GET /static/admin/js/cancel.js HTTP/1.1" 200 772 "http://codoacodo.ddns.net:55005/admin/auth/user/" "Mozilla/5.0 (X11; Linux x86_64) AppleWebKit/537.36 (KHTML, like Gecko) Chrome/107.0.0.0 Safari/537.36"
181.166.147.105 - - [14/Dec/2022:01:06:54 -0300] "POST /admin/auth/user/ HTTP/1.1" 302 683 "http://codoacodo.ddns.net:55005/admin/auth/user/" "Mozilla/5.0 (X11; Linux x86_64) AppleWebKit/537.36 (KHTML, like Gecko) Chrome/107.0.0.0 Safari/537.36"
181.166.147.105 - - [14/Dec/2022:01:06:54 -0300] "GET /admin/auth/user/ HTTP/1.1" 200 3201 "http://codoacodo.ddns.net:55005/admin/auth/user/" "Mozilla/5.0 (X11; Linux x86_64) AppleWebKit/537.36 (KHTML, like Gecko) Chrome/107.0.0.0 Safari/537.36"
181.166.147.105 - - [14/Dec/2022:01:06:55 -0300] "GET /admin/jsi18n/ HTTP/1.1" 200 2840 "http://codoacodo.ddns.net:55005/admin/auth/user/" "Mozilla/5.0 (X11; Linux x86_64) AppleWebKit/537.36 (KHTML, like Gecko) Chrome/107.0.0.0 Safari/537.36"
181.166.147.105 - - [14/Dec/2022:01:07:13 -0300] "GET / HTTP/1.1" 200 2038 "http://codoacodo.ddns.net:55005/admin/auth/user/" "Mozilla/5.0 (X11; Linux x86_64) AppleWebKit/537.36 (KHTML, like Gecko) Chrome/107.0.0.0 Safari/537.36"
192.168.0.150 - - [14/Dec/2022:01:07:15 -0300] "GET /dashboard/ HTTP/1.1" 200 2301 "http://192.168.0.103/accounts/profile/" "Mozilla/5.0 (Windows NT 10.0; Win64; x64) AppleWebKit/537.36 (KHTML, like Gecko) Chrome/108.0.0.0 Safari/537.36"
192.168.0.150 - - [14/Dec/2022:01:07:15 -0300] "GET /media/pictures/AvatarMaker_w2ceGCj.png HTTP/1.1" 200 52102 "http://192.168.0.103/dashboard/" "Mozilla/5.0 (Windows NT 10.0; Win64; x64) AppleWebKit/537.36 (KHTML, like Gecko) Chrome/108.0.0.0 Safari/537.36"
192.168.0.150 - - [14/Dec/2022:01:07:15 -0300] "GET /static/base/style.css HTTP/1.1" 200 1041 "http://192.168.0.103/dashboard/" "Mozilla/5.0 (Windows NT 10.0; Win64; x64) AppleWebKit/537.36 (KHTML, like Gecko) Chrome/108.0.0.0 Safari/537.36"
192.168.0.150 - - [14/Dec/2022:01:07:15 -0300] "GET /static/base/img/opcion_2.png HTTP/1.1" 304 251 "http://192.168.0.103/static/base/style.css" "Mozilla/5.0 (Windows NT 10.0; Win64; x64) AppleWebKit/537.36 (KHTML, like Gecko) Chrome/108.0.0.0 Safari/537.36"
181.166.147.105 - - [14/Dec/2022:01:07:15 -0300] "GET /accounts/logout/ HTTP/1.1" 302 569 "http://codoacodo.ddns.net:55005/" "Mozilla/5.0 (X11; Linux x86_64) AppleWebKit/537.36 (KHTML, like Gecko) Chrome/107.0.0.0 Safari/537.36"
181.166.147.105 - - [14/Dec/2022:01:07:15 -0300] "GET / HTTP/1.1" 200 2064 "http://codoacodo.ddns.net:55005/" "Mozilla/5.0 (X11; Linux x86_64) AppleWebKit/537.36 (KHTML, like Gecko) Chrome/107.0.0.0 Safari/537.36"
181.166.147.105 - - [14/Dec/2022:01:07:18 -0300] "GET /accounts/login/ HTTP/1.1" 200 2700 "http://codoacodo.ddns.net:55005/" "Mozilla/5.0 (X11; Linux x86_64) AppleWebKit/537.36 (KHTML, like Gecko) Chrome/107.0.0.0 Safari/537.36"
181.166.147.105 - - [14/Dec/2022:01:07:28 -0300] "POST /accounts/login/ HTTP/1.1" 302 800 "http://codoacodo.ddns.net:55005/accounts/login/" "Mozilla/5.0 (X11; Linux x86_64) AppleWebKit/537.36 (KHTML, like Gecko) Chrome/107.0.0.0 Safari/537.36"
181.166.147.105 - - [14/Dec/2022:01:07:28 -0300] "GET /accounts/profile/ HTTP/1.1" 200 3323 "http://codoacodo.ddns.net:55005/accounts/login/" "Mozilla/5.0 (X11; Linux x86_64) AppleWebKit/537.36 (KHTML, like Gecko) Chrome/107.0.0.0 Safari/537.36"
181.166.147.105 - - [14/Dec/2022:01:07:28 -0300] "GET /media/pictures/AvatarMaker_w2ceGCj.png HTTP/1.1" 304 249 "http://codoacodo.ddns.net:55005/accounts/profile/" "Mozilla/5.0 (X11; Linux x86_64) AppleWebKit/537.36 (KHTML, like Gecko) Chrome/107.0.0.0 Safari/537.36"
192.168.0.150 - - [14/Dec/2022:01:07:28 -0300] "GET /dashboard/jorge/ HTTP/1.1" 200 2675 "http://192.168.0.103/dashboard/" "Mozilla/5.0 (Windows NT 10.0; Win64; x64) AppleWebKit/537.36 (KHTML, like Gecko) Chrome/108.0.0.0 Safari/537.36"
181.166.147.105 - - [14/Dec/2022:01:07:30 -0300] "GET /dashboard/ HTTP/1.1" 200 2303 "http://codoacodo.ddns.net:55005/accounts/profile/" "Mozilla/5.0 (X11; Linux x86_64) AppleWebKit/537.36 (KHTML, like Gecko) Chrome/107.0.0.0 Safari/537.36"
192.168.0.150 - - [14/Dec/2022:01:07:31 -0300] "GET / HTTP/1.1" 200 2064 "http://192.168.0.103/dashboard/jorge/" "Mozilla/5.0 (Windows NT 10.0; Win64; x64) AppleWebKit/537.36 (KHTML, like Gecko) Chrome/108.0.0.0 Safari/537.36"
181.166.147.105 - - [14/Dec/2022:01:07:32 -0300] "GET /dashboard/ HTTP/1.1" 200 2303 "http://codoacodo.ddns.net:55005/dashboard/" "Mozilla/5.0 (X11; Linux x86_64) AppleWebKit/537.36 (KHTML, like Gecko) Chrome/107.0.0.0 Safari/537.36"
181.166.147.105 - - [14/Dec/2022:01:07:33 -0300] "GET /dashboard/ HTTP/1.1" 200 2303 "http://codoacodo.ddns.net:55005/dashboard/" "Mozilla/5.0 (X11; Linux x86_64) AppleWebKit/537.36 (KHTML, like Gecko) Chrome/107.0.0.0 Safari/537.36"
181.166.147.105 - - [14/Dec/2022:01:07:35 -0300] "GET /dashboard/jorge/ HTTP/1.1" 200 2690 "http://codoacodo.ddns.net:55005/dashboard/" "Mozilla/5.0 (X11; Linux x86_64) AppleWebKit/537.36 (KHTML, like Gecko) Chrome/107.0.0.0 Safari/537.36"
181.166.147.105 - - [14/Dec/2022:01:07:37 -0300] "GET /accounts/profile/ HTTP/1.1" 200 3319 "http://codoacodo.ddns.net:55005/dashboard/jorge/" "Mozilla/5.0 (X11; Linux x86_64) AppleWebKit/537.36 (KHTML, like Gecko) Chrome/107.0.0.0 Safari/537.36"
181.166.147.105 - - [14/Dec/2022:01:07:40 -0300] "GET /dashboard/ HTTP/1.1" 200 2303 "http://codoacodo.ddns.net:55005/accounts/profile/" "Mozilla/5.0 (X11; Linux x86_64) AppleWebKit/537.36 (KHTML, like Gecko) Chrome/107.0.0.0 Safari/537.36"
181.166.147.105 - - [14/Dec/2022:01:07:42 -0300] "GET /dashboard/jorge/ HTTP/1.1" 200 2689 "http://codoacodo.ddns.net:55005/dashboard/" "Mozilla/5.0 (X11; Linux x86_64) AppleWebKit/537.36 (KHTML, like Gecko) Chrome/107.0.0.0 Safari/537.36"
181.166.147.105 - - [14/Dec/2022:01:07:51 -0300] "GET /accounts/logout/ HTTP/1.1" 302 570 "http://codoacodo.ddns.net:55005/dashboard/jorge/" "Mozilla/5.0 (X11; Linux x86_64) AppleWebKit/537.36 (KHTML, like Gecko) Chrome/107.0.0.0 Safari/537.36"
181.166.147.105 - - [14/Dec/2022:01:07:51 -0300] "GET / HTTP/1.1" 200 2064 "http://codoacodo.ddns.net:55005/dashboard/jorge/" "Mozilla/5.0 (X11; Linux x86_64) AppleWebKit/537.36 (KHTML, like Gecko) Chrome/107.0.0.0 Safari/537.36"
181.166.147.105 - - [14/Dec/2022:01:07:55 -0300] "GET /admin/ HTTP/1.1" 302 496 "-" "Mozilla/5.0 (X11; Linux x86_64) AppleWebKit/537.36 (KHTML, like Gecko) Chrome/107.0.0.0 Safari/537.36"
181.166.147.105 - - [14/Dec/2022:01:07:55 -0300] "GET /admin/login/?next=/admin/ HTTP/1.1" 200 1599 "-" "Mozilla/5.0 (X11; Linux x86_64) AppleWebKit/537.36 (KHTML, like Gecko) Chrome/107.0.0.0 Safari/537.36"
181.166.147.105 - - [14/Dec/2022:01:08:10 -0300] "POST /admin/login/?next=/admin/ HTTP/1.1" 302 789 "http://codoacodo.ddns.net:55005/admin/login/?next=/admin/" "Mozilla/5.0 (X11; Linux x86_64) AppleWebKit/537.36 (KHTML, like Gecko) Chrome/107.0.0.0 Safari/537.36"
181.166.147.105 - - [14/Dec/2022:01:08:10 -0300] "GET /admin/ HTTP/1.1" 200 1580 "http://codoacodo.ddns.net:55005/admin/login/?next=/admin/" "Mozilla/5.0 (X11; Linux x86_64) AppleWebKit/537.36 (KHTML, like Gecko) Chrome/107.0.0.0 Safari/537.36"
181.166.147.105 - - [14/Dec/2022:01:08:11 -0300] "GET /static/admin/img/icon-deletelink.svg HTTP/1.1" 200 680 "http://codoacodo.ddns.net:55005/static/admin/css/base.css" "Mozilla/5.0 (X11; Linux x86_64) AppleWebKit/537.36 (KHTML, like Gecko) Chrome/107.0.0.0 Safari/537.36"
181.166.147.105 - - [14/Dec/2022:01:08:14 -0300] "GET /admin/auth/user/ HTTP/1.1" 200 3050 "http://codoacodo.ddns.net:55005/admin/" "Mozilla/5.0 (X11; Linux x86_64) AppleWebKit/537.36 (KHTML, like Gecko) Chrome/107.0.0.0 Safari/537.36"
181.166.147.105 - - [14/Dec/2022:01:08:14 -0300] "GET /admin/jsi18n/ HTTP/1.1" 200 2840 "http://codoacodo.ddns.net:55005/admin/auth/user/" "Mozilla/5.0 (X11; Linux x86_64) AppleWebKit/537.36 (KHTML, like Gecko) Chrome/107.0.0.0 Safari/537.36"
192.168.0.150 - - [14/Dec/2022:01:08:20 -0300] "GET / HTTP/1.1" 200 2065 "http://192.168.0.103/dashboard/" "Mozilla/5.0 (Windows NT 10.0; Win64; x64) AppleWebKit/537.36 (KHTML, like Gecko) Chrome/108.0.0.0 Safari/537.36"
192.168.0.150 - - [14/Dec/2022:01:08:25 -0300] "GET /dashboard/jorge/ HTTP/1.1" 200 2669 "http://192.168.0.103/dashboard/" "Mozilla/5.0 (Windows NT 10.0; Win64; x64) AppleWebKit/537.36 (KHTML, like Gecko) Chrome/108.0.0.0 Safari/537.36"
192.168.0.150 - - [14/Dec/2022:01:08:25 -0300] "GET /media/pictures/AvatarMaker_w2ceGCj.png HTTP/1.1" 304 249 "http://192.168.0.103/dashboard/jorge/" "Mozilla/5.0 (Windows NT 10.0; Win64; x64) AppleWebKit/537.36 (KHTML, like Gecko) Chrome/108.0.0.0 Safari/537.36"
192.168.0.150 - - [14/Dec/2022:01:08:33 -0300] "GET / HTTP/1.1" 200 2065 "http://192.168.0.103/dashboard/" "Mozilla/5.0 (Windows NT 10.0; Win64; x64) AppleWebKit/537.36 (KHTML, like Gecko) Chrome/108.0.0.0 Safari/537.36"
192.168.0.150 - - [14/Dec/2022:01:08:54 -0300] "GET /dashboard/ HTTP/1.1" 200 2301 "http://192.168.0.103/accounts/profile/" "Mozilla/5.0 (Windows NT 10.0; Win64; x64) AppleWebKit/537.36 (KHTML, like Gecko) Chrome/108.0.0.0 Safari/537.36"
181.166.147.105 - - [14/Dec/2022:01:09:02 -0300] "-" 408 0 "-" "-"
181.166.147.105 - - [14/Dec/2022:01:09:05 -0300] "GET / HTTP/1.1" 200 2038 "http://codoacodo.ddns.net:55005/admin/auth/user/" "Mozilla/5.0 (X11; Linux x86_64) AppleWebKit/537.36 (KHTML, like Gecko) Chrome/107.0.0.0 Safari/537.36"
181.166.147.105 - - [14/Dec/2022:01:09:16 -0300] "GET /accounts/profile/ HTTP/1.1" 200 3165 "http://codoacodo.ddns.net:55005/" "Mozilla/5.0 (X11; Linux x86_64) AppleWebKit/537.36 (KHTML, like Gecko) Chrome/107.0.0.0 Safari/537.36"
181.166.147.105 - - [14/Dec/2022:01:09:16 -0300] "GET /static/registration/img/no-avatar.png HTTP/1.1" 304 249 "http://codoacodo.ddns.net:55005/accounts/profile/" "Mozilla/5.0 (X11; Linux x86_64) AppleWebKit/537.36 (KHTML, like Gecko) Chrome/107.0.0.0 Safari/537.36"
192.168.0.150 - - [14/Dec/2022:01:09:31 -0300] "GET /dashboard/jorge/ HTTP/1.1" 200 2672 "http://192.168.0.103/dashboard/" "Mozilla/5.0 (Windows NT 10.0; Win64; x64) AppleWebKit/537.36 (KHTML, like Gecko) Chrome/108.0.0.0 Safari/537.36"
192.168.0.150 - - [14/Dec/2022:01:09:31 -0300] "GET /media/pictures/AvatarMaker_w2ceGCj.png HTTP/1.1" 304 249 "http://192.168.0.103/dashboard/jorge/" "Mozilla/5.0 (Windows NT 10.0; Win64; x64) AppleWebKit/537.36 (KHTML, like Gecko) Chrome/108.0.0.0 Safari/537.36"
192.168.0.150 - - [14/Dec/2022:01:09:41 -0300] "GET /accounts/login/?register HTTP/1.1" 200 2755 "http://192.168.0.103/accounts/signup/" "Mozilla/5.0 (Windows NT 10.0; Win64; x64) AppleWebKit/537.36 (KHTML, like Gecko) Chrome/108.0.0.0 Safari/537.36"
192.168.0.150 - - [14/Dec/2022:01:09:44 -0300] "GET / HTTP/1.1" 200 2064 "http://192.168.0.103/dashboard/jorge/" "Mozilla/5.0 (Windows NT 10.0; Win64; x64) AppleWebKit/537.36 (KHTML, like Gecko) Chrome/108.0.0.0 Safari/537.36"
192.168.0.150 - - [14/Dec/2022:01:10:06 -0300] "GET /dashboard/jorge/ HTTP/1.1" 200 2676 "http://192.168.0.103/dashboard/" "Mozilla/5.0 (Windows NT 10.0; Win64; x64) AppleWebKit/537.36 (KHTML, like Gecko) Chrome/108.0.0.0 Safari/537.36"
181.166.147.105 - - [14/Dec/2022:01:10:07 -0300] "-" 408 0 "-" "-"
192.168.0.150 - - [14/Dec/2022:01:10:24 -0300] "GET /accounts/login/ HTTP/1.1" 200 2699 "http://192.168.0.103/dashboard/jorge/" "Mozilla/5.0 (Windows NT 10.0; Win64; x64) AppleWebKit/537.36 (KHTML, like Gecko) Chrome/108.0.0.0 Safari/537.36"
181.166.147.105 - - [14/Dec/2022:01:10:28 -0300] "GET /accounts/profile/ HTTP/1.1" 200 3164 "http://codoacodo.ddns.net:55005/accounts/profile/" "Mozilla/5.0 (X11; Linux x86_64) AppleWebKit/537.36 (KHTML, like Gecko) Chrome/107.0.0.0 Safari/537.36"
181.166.147.105 - - [14/Dec/2022:01:10:38 -0300] "GET /dashboard/ HTTP/1.1" 200 2403 "http://codoacodo.ddns.net:55005/accounts/profile/" "Mozilla/5.0 (X11; Linux x86_64) AppleWebKit/537.36 (KHTML, like Gecko) Chrome/107.0.0.0 Safari/537.36"
181.166.147.105 - - [14/Dec/2022:01:10:41 -0300] "GET /dashboard/?page=2 HTTP/1.1" 200 2417 "http://codoacodo.ddns.net:55005/dashboard/" "Mozilla/5.0 (X11; Linux x86_64) AppleWebKit/537.36 (KHTML, like Gecko) Chrome/107.0.0.0 Safari/537.36"
181.166.147.105 - - [14/Dec/2022:01:10:41 -0300] "GET /media/pictures/AvatarMaker_w2ceGCj.png HTTP/1.1" 304 249 "http://codoacodo.ddns.net:55005/dashboard/?page=2" "Mozilla/5.0 (X11; Linux x86_64) AppleWebKit/537.36 (KHTML, like Gecko) Chrome/107.0.0.0 Safari/537.36"
181.166.147.105 - - [14/Dec/2022:01:11:30 -0300] "-" 408 0 "-" "-"
192.168.0.150 - - [14/Dec/2022:01:12:35 -0300] "GET /accounts/login/ HTTP/1.1" 200 2699 "http://192.168.0.103/dashboard/jorge/" "Mozilla/5.0 (Windows NT 10.0; Win64; x64) AppleWebKit/537.36 (KHTML, like Gecko) Chrome/108.0.0.0 Safari/537.36"
192.168.0.150 - - [14/Dec/2022:01:12:37 -0300] "GET /dashboard/jorge/ HTTP/1.1" 200 2671 "http://192.168.0.103/dashboard/" "Mozilla/5.0 (Windows NT 10.0; Win64; x64) AppleWebKit/537.36 (KHTML, like Gecko) Chrome/108.0.0.0 Safari/537.36"
192.168.0.150 - - [14/Dec/2022:01:12:37 -0300] "GET /media/pictures/AvatarMaker_w2ceGCj.png HTTP/1.1" 304 249 "http://192.168.0.103/dashboard/jorge/" "Mozilla/5.0 (Windows NT 10.0; Win64; x64) AppleWebKit/537.36 (KHTML, like Gecko) Chrome/108.0.0.0 Safari/537.36"
181.166.147.105 - - [14/Dec/2022:01:12:38 -0300] "GET /accounts/logout/ HTTP/1.1" 302 570 "http://codoacodo.ddns.net:55005/dashboard/?page=2" "Mozilla/5.0 (X11; Linux x86_64) AppleWebKit/537.36 (KHTML, like Gecko) Chrome/107.0.0.0 Safari/537.36"
181.166.147.105 - - [14/Dec/2022:01:12:38 -0300] "GET / HTTP/1.1" 200 2064 "http://codoacodo.ddns.net:55005/dashboard/?page=2" "Mozilla/5.0 (X11; Linux x86_64) AppleWebKit/537.36 (KHTML, like Gecko) Chrome/107.0.0.0 Safari/537.36"
181.166.147.105 - - [14/Dec/2022:01:12:38 -0300] "GET /static/base/style.css HTTP/1.1" 200 1040 "http://codoacodo.ddns.net:55005/" "Mozilla/5.0 (X11; Linux x86_64) AppleWebKit/537.36 (KHTML, like Gecko) Chrome/107.0.0.0 Safari/537.36"
181.166.147.105 - - [14/Dec/2022:01:12:38 -0300] "GET /static/base/img/opcion_2.png HTTP/1.1" 304 251 "http://codoacodo.ddns.net:55005/static/base/style.css" "Mozilla/5.0 (X11; Linux x86_64) AppleWebKit/537.36 (KHTML, like Gecko) Chrome/107.0.0.0 Safari/537.36"
192.168.0.150 - - [14/Dec/2022:01:12:39 -0300] "GET /dashboard/jorge/ HTTP/1.1" 200 2672 "-" "Mozilla/5.0 (Windows NT 10.0; Win64; x64) AppleWebKit/537.36 (KHTML, like Gecko) Chrome/108.0.0.0 Safari/537.36"
192.168.0.150 - - [14/Dec/2022:01:12:43 -0300] "GET /accounts/login/?register HTTP/1.1" 200 2754 "http://192.168.0.103/accounts/signup/" "Mozilla/5.0 (Windows NT 10.0; Win64; x64) AppleWebKit/537.36 (KHTML, like Gecko) Chrome/108.0.0.0 Safari/537.36"
181.166.147.105 - - [14/Dec/2022:01:12:48 -0300] "GET /accounts/profile/ HTTP/1.1" 302 399 "-" "Mozilla/5.0 (X11; Linux x86_64) AppleWebKit/537.36 (KHTML, like Gecko) Chrome/107.0.0.0 Safari/537.36"
181.166.147.105 - - [14/Dec/2022:01:12:48 -0300] "GET /accounts/login/?next=/accounts/profile/ HTTP/1.1" 200 2698 "-" "Mozilla/5.0 (X11; Linux x86_64) AppleWebKit/537.36 (KHTML, like Gecko) Chrome/107.0.0.0 Safari/537.36"
192.168.0.150 - - [14/Dec/2022:01:12:55 -0300] "GET /accounts/login/?register HTTP/1.1" 200 2755 "http://192.168.0.103/accounts/signup/" "Mozilla/5.0 (Windows NT 10.0; Win64; x64) AppleWebKit/537.36 (KHTML, like Gecko) Chrome/108.0.0.0 Safari/537.36"
192.168.0.150 - - [14/Dec/2022:01:12:57 -0300] "GET /dashboard/ HTTP/1.1" 200 2394 "http://192.168.0.103/accounts/profile/" "Mozilla/5.0 (Windows NT 10.0; Win64; x64) AppleWebKit/537.36 (KHTML, like Gecko) Chrome/108.0.0.0 Safari/537.36"
192.168.0.150 - - [14/Dec/2022:01:12:57 -0300] "GET /static/registration/img/no-avatar.png HTTP/1.1" 304 249 "http://192.168.0.103/dashboard/" "Mozilla/5.0 (Windows NT 10.0; Win64; x64) AppleWebKit/537.36 (KHTML, like Gecko) Chrome/108.0.0.0 Safari/537.36"
192.168.0.150 - - [14/Dec/2022:01:12:59 -0300] "GET /dashboard/?page=2 HTTP/1.1" 200 2411 "http://192.168.0.103/dashboard/" "Mozilla/5.0 (Windows NT 10.0; Win64; x64) AppleWebKit/537.36 (KHTML, like Gecko) Chrome/108.0.0.0 Safari/537.36"
181.166.147.105 - - [14/Dec/2022:01:13:01 -0300] "GET /dashboard/ HTTP/1.1" 200 2395 "-" "Mozilla/5.0 (X11; Linux x86_64) AppleWebKit/537.36 (KHTML, like Gecko) Chrome/107.0.0.0 Safari/537.36"
192.168.0.150 - - [14/Dec/2022:01:13:01 -0300] "GET /dashboard/?page=1 HTTP/1.1" 200 2394 "http://192.168.0.103/dashboard/?page=2" "Mozilla/5.0 (Windows NT 10.0; Win64; x64) AppleWebKit/537.36 (KHTML, like Gecko) Chrome/108.0.0.0 Safari/537.36"
181.166.147.105 - - [14/Dec/2022:01:13:03 -0300] "GET /dashboard/?page=2 HTTP/1.1" 200 2411 "http://codoacodo.ddns.net:55005/dashboard/" "Mozilla/5.0 (X11; Linux x86_64) AppleWebKit/537.36 (KHTML, like Gecko) Chrome/107.0.0.0 Safari/537.36"
181.166.147.105 - - [14/Dec/2022:01:13:03 -0300] "GET /media/pictures/AvatarMaker_w2ceGCj.png HTTP/1.1" 304 249 "http://codoacodo.ddns.net:55005/dashboard/?page=2" "Mozilla/5.0 (X11; Linux x86_64) AppleWebKit/537.36 (KHTML, like Gecko) Chrome/107.0.0.0 Safari/537.36"
192.168.0.150 - - [14/Dec/2022:01:13:04 -0300] "GET /dashboard/codoacodo/ HTTP/1.1" 200 2601 "http://192.168.0.103/dashboard/?page=1" "Mozilla/5.0 (Windows NT 10.0; Win64; x64) AppleWebKit/537.36 (KHTML, like Gecko) Chrome/108.0.0.0 Safari/537.36"
192.168.0.150 - - [14/Dec/2022:01:13:04 -0300] "GET /static/registration/img/no-avatar.jpg HTTP/1.1" 404 491 "http://192.168.0.103/dashboard/codoacodo/" "Mozilla/5.0 (Windows NT 10.0; Win64; x64) AppleWebKit/537.36 (KHTML, like Gecko) Chrome/108.0.0.0 Safari/537.36"
181.166.147.105 - - [14/Dec/2022:01:13:05 -0300] "GET /dashboard/jorge/ HTTP/1.1" 200 2670 "http://codoacodo.ddns.net:55005/dashboard/?page=2" "Mozilla/5.0 (X11; Linux x86_64) AppleWebKit/537.36 (KHTML, like Gecko) Chrome/107.0.0.0 Safari/537.36"
181.166.147.105 - - [14/Dec/2022:01:13:29 -0300] "GET / HTTP/1.1" 200 2065 "http://codoacodo.ddns.net:55005/dashboard/jorge/" "Mozilla/5.0 (X11; Linux x86_64) AppleWebKit/537.36 (KHTML, like Gecko) Chrome/107.0.0.0 Safari/537.36"
192.168.0.150 - - [14/Dec/2022:01:13:33 -0300] "GET /dashboard/?page=1 HTTP/1.1" 302 403 "http://192.168.0.103/dashboard/?page=2" "Mozilla/5.0 (Windows NT 10.0; Win64; x64) AppleWebKit/537.36 (KHTML, like Gecko) Chrome/108.0.0.0 Safari/537.36"
192.168.0.150 - - [14/Dec/2022:01:13:33 -0300] "GET /accounts/login/?next=/dashboard/%3Fpage%3D1 HTTP/1.1" 200 2697 "http://192.168.0.103/dashboard/?page=2" "Mozilla/5.0 (Windows NT 10.0; Win64; x64) AppleWebKit/537.36 (KHTML, like Gecko) Chrome/108.0.0.0 Safari/537.36"
181.166.147.105 - - [14/Dec/2022:01:13:34 -0300] "GET /dashboard/ HTTP/1.1" 302 392 "-" "Mozilla/5.0 (X11; Linux x86_64) AppleWebKit/537.36 (KHTML, like Gecko) Chrome/107.0.0.0 Safari/537.36"
181.166.147.105 - - [14/Dec/2022:01:13:34 -0300] "GET /accounts/login/?next=/dashboard/ HTTP/1.1" 200 2697 "-" "Mozilla/5.0 (X11; Linux x86_64) AppleWebKit/537.36 (KHTML, like Gecko) Chrome/107.0.0.0 Safari/537.36"
192.168.0.150 - - [14/Dec/2022:01:13:40 -0300] "GET /accounts/login/ HTTP/1.1" 200 2700 "http://192.168.0.103/accounts/login/?next=/dashboard/%3Fpage%3D1" "Mozilla/5.0 (Windows NT 10.0; Win64; x64) AppleWebKit/537.36 (KHTML, like Gecko) Chrome/108.0.0.0 Safari/537.36"
192.168.0.150 - - [14/Dec/2022:01:13:41 -0300] "GET /accounts/signup/ HTTP/1.1" 200 2875 "http://192.168.0.103/accounts/login/" "Mozilla/5.0 (Windows NT 10.0; Win64; x64) AppleWebKit/537.36 (KHTML, like Gecko) Chrome/108.0.0.0 Safari/537.36"
181.166.147.105 - - [14/Dec/2022:01:13:41 -0300] "GET /dashboard/jorge/ HTTP/1.1" 302 398 "-" "Mozilla/5.0 (X11; Linux x86_64) AppleWebKit/537.36 (KHTML, like Gecko) Chrome/107.0.0.0 Safari/537.36"
181.166.147.105 - - [14/Dec/2022:01:13:41 -0300] "GET /accounts/login/?next=/dashboard/jorge/ HTTP/1.1" 200 2700 "-" "Mozilla/5.0 (X11; Linux x86_64) AppleWebKit/537.36 (KHTML, like Gecko) Chrome/107.0.0.0 Safari/537.36"
181.166.147.105 - - [14/Dec/2022:01:13:46 -0300] "GET /accounts/password_reset/ HTTP/1.1" 200 2549 "http://codoacodo.ddns.net:55005/accounts/login/?next=/dashboard/jorge/" "Mozilla/5.0 (X11; Linux x86_64) AppleWebKit/537.36 (KHTML, like Gecko) Chrome/107.0.0.0 Safari/537.36"
181.166.147.105 - - [14/Dec/2022:01:13:49 -0300] "POST /accounts/password_reset/ HTTP/1.1" 500 458 "http://codoacodo.ddns.net:55005/accounts/password_reset/" "Mozilla/5.0 (X11; Linux x86_64) AppleWebKit/537.36 (KHTML, like Gecko) Chrome/107.0.0.0 Safari/537.36"
181.166.147.105 - - [14/Dec/2022:01:13:57 -0300] "GET / HTTP/1.1" 200 2065 "http://codoacodo.ddns.net:55005/accounts/password_reset/" "Mozilla/5.0 (X11; Linux x86_64) AppleWebKit/537.36 (KHTML, like Gecko) Chrome/107.0.0.0 Safari/537.36"
181.166.147.105 - - [14/Dec/2022:01:14:00 -0300] "GET /accounts/login/ HTTP/1.1" 200 2700 "http://codoacodo.ddns.net:55005/" "Mozilla/5.0 (X11; Linux x86_64) AppleWebKit/537.36 (KHTML, like Gecko) Chrome/107.0.0.0 Safari/537.36"
181.166.147.105 - - [14/Dec/2022:01:14:06 -0300] "POST /accounts/login/ HTTP/1.1" 302 800 "http://codoacodo.ddns.net:55005/accounts/login/" "Mozilla/5.0 (X11; Linux x86_64) AppleWebKit/537.36 (KHTML, like Gecko) Chrome/107.0.0.0 Safari/537.36"
181.166.147.105 - - [14/Dec/2022:01:14:07 -0300] "GET /accounts/profile/ HTTP/1.1" 200 3323 "http://codoacodo.ddns.net:55005/accounts/login/" "Mozilla/5.0 (X11; Linux x86_64) AppleWebKit/537.36 (KHTML, like Gecko) Chrome/107.0.0.0 Safari/537.36"
181.166.147.105 - - [14/Dec/2022:01:14:07 -0300] "GET /static/registration/img/logoMatch.jpg HTTP/1.1" 304 249 "http://codoacodo.ddns.net:55005/accounts/profile/" "Mozilla/5.0 (X11; Linux x86_64) AppleWebKit/537.36 (KHTML, like Gecko) Chrome/107.0.0.0 Safari/537.36"
181.166.147.105 - - [14/Dec/2022:01:14:10 -0300] "GET /accounts/password_change/ HTTP/1.1" 200 2632 "http://codoacodo.ddns.net:55005/accounts/profile/" "Mozilla/5.0 (X11; Linux x86_64) AppleWebKit/537.36 (KHTML, like Gecko) Chrome/107.0.0.0 Safari/537.36"
